Archive member included to satisfy reference by file (symbol)

D:/Programmi/devkitPro/libnx/lib\libnx.a(apm.o)
                              main.o (apmInitialize)
D:/Programmi/devkitPro/libnx/lib\libnx.a(applet.o)
                              main.o (appletMainLoop)
D:/Programmi/devkitPro/libnx/lib\libnx.a(audout.o)
                              main.o (audoutExit)
D:/Programmi/devkitPro/libnx/lib\libnx.a(capssc.o)
                              main.o (capsscInitialize)
D:/Programmi/devkitPro/libnx/lib\libnx.a(fatal.o)
                              commands.o (fatalThrow)
D:/Programmi/devkitPro/libnx/lib\libnx.a(fs.o)
                              main.o (fsInitialize)
D:/Programmi/devkitPro/libnx/lib\libnx.a(hiddbg.o)
                              commands.o (hiddbgInitialize)
D:/Programmi/devkitPro/libnx/lib\libnx.a(ldr.o)
                              main.o (ldrDmntInitialize)
D:/Programmi/devkitPro/libnx/lib\libnx.a(pm.o)
                              main.o (pmdmntInitialize)
D:/Programmi/devkitPro/libnx/lib\libnx.a(set.o)
                              main.o (setInitialize)
D:/Programmi/devkitPro/libnx/lib\libnx.a(sm.o)
                              main.o (smInitialize)
D:/Programmi/devkitPro/libnx/lib\libnx.a(time.o)
                              main.o (timeInitialize)
D:/Programmi/devkitPro/libnx/lib\libnx.a(diag.o)
                              D:/Programmi/devkitPro/libnx/lib\libnx.a(applet.o) (diagAbortWithResult)
D:/Programmi/devkitPro/libnx/lib\libnx.a(env.o)
                              D:/Programmi/devkitPro/libnx/lib\libnx.a(applet.o) (envIsNso)
D:/Programmi/devkitPro/libnx/lib\libnx.a(hosversion.o)
                              main.o (hosversionGet)
D:/Programmi/devkitPro/libnx/lib\libnx.a(resolver.o)
                              ntp.o (gethostbyname)
D:/Programmi/devkitPro/libnx/lib\libnx.a(fs_dev.o)
                              main.o (fsdevMountSdmc)
D:/Programmi/devkitPro/libnx/lib\libnx.a(path_buf.o)
                              D:/Programmi/devkitPro/libnx/lib\libnx.a(fs_dev.o) (__nx_dev_path_buf)
D:/Programmi/devkitPro/libnx/lib\libnx.a(socket.o)
                              main.o (socketExit)
D:/Programmi/devkitPro/libnx/lib\libnx.a(usb_comms.o)
                              main.o (usbCommsInitialize)
D:/Programmi/devkitPro/libnx/lib\libnx.a(inet_addr.o)
                              D:/Programmi/devkitPro/libnx/lib\libnx.a(resolver.o) (inet_ntop)
D:/Programmi/devkitPro/libnx/lib\libnx.a(decode_utf8.o)
                              D:/Programmi/devkitPro/libnx/lib\libnx.a(fs_dev.o) (decode_utf8)
D:/Programmi/devkitPro/libnx/lib\libnx.a(svc.o)
                              D:/Programmi/devkitPro/libnx/lib\libnx.a(applet.o) (svcExitProcess)
D:/Programmi/devkitPro/libnx/lib\libnx.a(readtp.o)
                              D:/Programmi/devkitPro/libnx/lib\libnx.a(fs.o) (__aarch64_read_tp)
D:/Programmi/devkitPro/libnx/lib\libnx.a(switch_crt0.o)
                              (_start)
D:/Programmi/devkitPro/libnx/lib\libnx.a(event.o)
                              D:/Programmi/devkitPro/libnx/lib\libnx.a(applet.o) (eventLoadRemote)
D:/Programmi/devkitPro/libnx/lib\libnx.a(mutex.o)
                              D:/Programmi/devkitPro/libnx/lib\libnx.a(apm.o) (mutexLock)
D:/Programmi/devkitPro/libnx/lib\libnx.a(rwlock.o)
                              D:/Programmi/devkitPro/libnx/lib\libnx.a(usb_comms.o) (rwlockReadLock)
D:/Programmi/devkitPro/libnx/lib\libnx.a(shmem.o)
                              D:/Programmi/devkitPro/libnx/lib\libnx.a(time.o) (shmemLoadRemote)
D:/Programmi/devkitPro/libnx/lib\libnx.a(tmem.o)
                              D:/Programmi/devkitPro/libnx/lib\libnx.a(applet.o) (tmemCreate)
D:/Programmi/devkitPro/libnx/lib\libnx.a(virtmem.o)
                              D:/Programmi/devkitPro/libnx/lib\libnx.a(shmem.o) (virtmemLock)
D:/Programmi/devkitPro/libnx/lib\libnx.a(wait.o)
                              D:/Programmi/devkitPro/libnx/lib\libnx.a(applet.o) (waitObjects)
D:/Programmi/devkitPro/libnx/lib\libnx.a(sessionmgr.o)
                              D:/Programmi/devkitPro/libnx/lib\libnx.a(fs.o) (sessionmgrCreate)
D:/Programmi/devkitPro/libnx/lib\libnx.a(bsd.o)
                              D:/Programmi/devkitPro/libnx/lib\libnx.a(socket.o) (g_bsdResult)
D:/Programmi/devkitPro/libnx/lib\libnx.a(nifm.o)
                              D:/Programmi/devkitPro/libnx/lib\libnx.a(resolver.o) (nifmInitialize)
D:/Programmi/devkitPro/libnx/lib\libnx.a(sfdnsres.o)
                              D:/Programmi/devkitPro/libnx/lib\libnx.a(resolver.o) (sfdnsresGetHostByNameRequest)
D:/Programmi/devkitPro/libnx/lib\libnx.a(ssl.o)
                              D:/Programmi/devkitPro/libnx/lib\libnx.a(socket.o) (sslConnectionSetSocketDescriptor)
D:/Programmi/devkitPro/libnx/lib\libnx.a(usbds.o)
                              D:/Programmi/devkitPro/libnx/lib\libnx.a(usb_comms.o) (usbDsGetState)
D:/Programmi/devkitPro/libnx/lib\libnx.a(alloc.o)
[...]
Memory Configuration

Name             Origin             Length             Attributes
*default*        0x0000000000000000 0xffffffffffffffff

Linker script and memory map

                0x0000000000000000                PROVIDE (__start__ = 0x0)
                0x0000000000000000                . = __start__
                0x0000000000000000                __code_start = .

.crt0           0x0000000000000000      0x140
 *(.crt0)
 .crt0          0x0000000000000000      0x140 D:/Programmi/devkitPro/libnx/lib\libnx.a(switch_crt0.o)
                0x0000000000000000                _start
                0x0000000000000108                __nx_exit
                0x0000000000000118                __nx_mod0
                0x0000000000000140                . = ALIGN (0x8)

.init           0x0000000000000140       0x38
 *(.init)
 .init          0x0000000000000140       0x18 d:/programmi/devkitpro/devkita64/bin/../lib/gcc/aarch64-none-elf/11.1.0/pic/crti.o
                0x0000000000000140                _init
 .init          0x0000000000000158       0x1c d:/programmi/devkitpro/devkita64/bin/../lib/gcc/aarch64-none-elf/11.1.0/pic/crtn.o
                0x0000000000000178                . = ALIGN (0x8)
 *fill*         0x0000000000000174        0x4 

.plt            0x0000000000000178        0x0
 *(.plt)
 .plt           0x0000000000000178        0x0 d:/programmi/devkitpro/devkita64/bin/../lib/gcc/aarch64-none-elf/11.1.0/pic/crti.o
 *(.iplt)
                0x0000000000000178                . = ALIGN (0x8)

.text           0x0000000000000180    0x24ca8
 *(.text.unlikely .text.*_unlikely .text.unlikely.*)
 *(.text.exit .text.exit.*)
 .text.exit     0x0000000000000180       0x38 d:/programmi/devkitpro/devkita64/bin/../lib/gcc/aarch64-none-elf/11.1.0/../../../../aarch64-none-elf/lib/pic\libg.a(lib_a-exit.o)
                0x0000000000000180                exit
 *(.text.startup .text.startup.*)
 *fill*         0x00000000000001b8        0x8 
 .text.startup.main
                0x00000000000001c0      0x12c main.o
                0x00000000000001c0                main
 *(.text.hot .text.hot.*)
 *(.text .stub .text.* .gnu.linkonce.t.*)
 *fill*         0x00000000000002ec        0x4 
 .text.__do_global_dtors_aux
                0x00000000000002f0       0x44 d:/programmi/devkitpro/devkita64/bin/../lib/gcc/aarch64-none-elf/11.1.0/pic/crtbegin.o
 *fill*         0x0000000000000334        0xc 
 .text.frame_dummy
                0x0000000000000340       0x24 d:/programmi/devkitpro/devkita64/bin/../lib/gcc/aarch64-none-elf/11.1.0/pic/crtbegin.o
 *fill*         0x0000000000000364        0xc 
 .text.parseArgs
                0x0000000000000370      0x138 args.o
                0x0000000000000370                parseArgs
 *fill*         0x00000000000004a8        0x8 
 .text.attach   0x00000000000004b0       0x70 commands.o
                0x00000000000004b0                attach
 .text.getMainNsoBase
                0x0000000000000520       0x5c commands.o
                0x0000000000000520                getMainNsoBase
 *fill*         0x000000000000057c        0x4 
 .text.getHeapBase
                0x0000000000000580       0xa4 commands.o
                0x0000000000000580                getHeapBase
 *fill*         0x0000000000000624        0xc 
 .text.getBuildID
                0x0000000000000630       0x70 commands.o
                0x0000000000000630                getBuildID
 .text.getMetaData
                0x00000000000006a0       0xd0 commands.o
                0x00000000000006a0                getMetaData
 .text.initController
                0x0000000000000770       0xd0 commands.o
                0x0000000000000770                initController
 .text.detachController
                0x0000000000000840       0xb0 commands.o
                0x0000000000000840                detachController
 .text.poke     0x00000000000008f0       0x78 commands.o
                0x00000000000008f0                poke
 *fill*         0x0000000000000968        0x8 
 .text.peek     0x0000000000000970       0x78 commands.o
                0x0000000000000970                peek
 *fill*         0x00000000000009e8        0x8 
 .text.click    0x00000000000009f0       0x90 commands.o
                0x00000000000009f0                click
 .text.press    0x0000000000000a80       0x3c commands.o
                0x0000000000000a80                press
 *fill*         0x0000000000000abc        0x4 
 .text.release  0x0000000000000ac0       0x3c commands.o
                0x0000000000000ac0                release
 *fill*         0x0000000000000afc        0x4 
 .text.setStickState
                0x0000000000000b00       0x7c commands.o
                0x0000000000000b00                setStickState
 *fill*         0x0000000000000b7c        0x4 
 .text.dateSkip
                0x0000000000000b80       0x64 commands.o
                0x0000000000000b80                dateSkip
 *fill*         0x0000000000000be4        0xc 
 .text.resetTime
                0x0000000000000bf0       0xb8 commands.o
                0x0000000000000bf0                resetTime
 *fill*         0x0000000000000ca8        0x8 
 .text.resetTimeNTP
                0x0000000000000cb0       0x34 commands.o
                0x0000000000000cb0                resetTimeNTP
 *fill*         0x0000000000000ce4        0xc 
 .text.argmain.part.0
                0x0000000000000cf0      0x8b0 main.o
 .text.argmain  0x00000000000015a0       0x24 main.o
                0x00000000000015a0                argmain
 *fill*         0x00000000000015c4        0xc 
 .text.__libnx_initheap
                0x00000000000015d0       0x2c main.o
                0x00000000000015d0                __libnx_initheap
 *fill*         0x00000000000015fc        0x4 
 .text.__appInit
                0x0000000000001600       0xdc main.o
                0x0000000000001600                __appInit
 *fill*         0x00000000000016dc        0x4 
 .text.__appExit
                0x00000000000016e0       0x24 main.o
                0x00000000000016e0                __appExit
 *fill*         0x0000000000001704        0xc 
 .text.ntpGetTime
                0x0000000000001710       0xe0 ntp.o
                0x0000000000001710                ntpGetTime
 .text.parseStringToInt
                0x00000000000017f0       0x58 util.o
                0x00000000000017f0                parseStringToInt
 *fill*         0x0000000000001848        0x8 
 .text.parseStringToByteBuffer
                0x0000000000001850      0x1e8 util.o
                0x0000000000001850                parseStringToByteBuffer
 *fill*         0x0000000000001a38        0x8 
 .text.parseStringToButton
                0x0000000000001a40      0x214 util.o
                0x0000000000001a40                parseStringToButton
 *fill*         0x0000000000001c54        0xc 
 .text.capsscCaptureForDebug
                0x0000000000001c60      0x164 util.o
                0x0000000000001c60                capsscCaptureForDebug
 *fill*         0x0000000000001dc4        0xc 
 .text._apmCleanup
                0x0000000000001dd0       0xc0 D:/Programmi/devkitPro/libnx/lib\libnx.a(apm.o)
 .text._apmCmdGetSession.constprop.0
                0x0000000000001e90       0xfc D:/Programmi/devkitPro/libnx/lib\libnx.a(apm.o)
 *fill*         0x0000000000001f8c        0x4 
 .text.apmInitialize
                0x0000000000001f90       0xa0 D:/Programmi/devkitPro/libnx/lib\libnx.a(apm.o)
                0x0000000000001f90                apmInitialize
 .text._appletCmdNoInOutU8.isra.0
                0x0000000000002030       0xd4 D:/Programmi/devkitPro/libnx/lib\libnx.a(applet.o)
 *fill*         0x0000000000002104        0xc 
 .text._appletCmdNoInOutU32.isra.0
                0x0000000000002110       0xd4 D:/Programmi/devkitPro/libnx/lib\libnx.a(applet.o)
 *fill*         0x00000000000021e4        0xc 
 .text.appletGetMessage
                0x00000000000021f0       0x74 D:/Programmi/devkitPro/libnx/lib\libnx.a(applet.o)
                0x00000000000021f0                appletGetMessage
 *fill*         0x0000000000002264        0xc 
 .text.appletProcessMessage
                0x0000000000002270      0x248 D:/Programmi/devkitPro/libnx/lib\libnx.a(applet.o)
                0x0000000000002270                appletProcessMessage
 *fill*         0x00000000000024b8        0x8 
 .text.appletMainLoop
                0x00000000000024c0       0x34 D:/Programmi/devkitPro/libnx/lib\libnx.a(applet.o)
                0x00000000000024c0                appletMainLoop
 *fill*         0x00000000000024f4        0xc 
 .text._audoutCleanup
                0x0000000000002500       0xf0 D:/Programmi/devkitPro/libnx/lib\libnx.a(audout.o)
 .text.audoutExit
                0x00000000000025f0       0x44 D:/Programmi/devkitPro/libnx/lib\libnx.a(audout.o)
                0x00000000000025f0                audoutExit
 *fill*         0x0000000000002634        0xc 
 .text._capsscCleanup
                0x0000000000002640       0x68 D:/Programmi/devkitPro/libnx/lib\libnx.a(capssc.o)
 *fill*         0x00000000000026a8        0x8 
 .text.capsscInitialize
                0x00000000000026b0       0xb0 D:/Programmi/devkitPro/libnx/lib\libnx.a(capssc.o)
                0x00000000000026b0                capsscInitialize
 .text.capsscGetServiceSession
                0x0000000000002760        0xc D:/Programmi/devkitPro/libnx/lib\libnx.a(capssc.o)
                0x0000000000002760                capsscGetServiceSession
 *fill*         0x000000000000276c        0x4 
 .text._fatalCmd
                0x0000000000002770      0x1b8 D:/Programmi/devkitPro/libnx/lib\libnx.a(fatal.o)
 *fill*         0x0000000000002928        0x8 
 .text.fatalThrowWithPolicy
                0x0000000000002930        0xc D:/Programmi/devkitPro/libnx/lib\libnx.a(fatal.o)
                0x0000000000002930                fatalThrowWithPolicy
 *fill*         0x000000000000293c        0x4 
 .text.fatalThrow
                0x0000000000002940       0x14 D:/Programmi/devkitPro/libnx/lib\libnx.a(fatal.o)
                0x0000000000002940                fatalThrow
 *fill*         0x0000000000002954        0xc 
 .text._fsCleanup
                0x0000000000002960       0xb4 D:/Programmi/devkitPro/libnx/lib\libnx.a(fs.o)
 *fill*         0x0000000000002a14        0xc 
 .text._fsCmdNoIO
                0x0000000000002a20      0x1b0 D:/Programmi/devkitPro/libnx/lib\libnx.a(fs.o)
 .text._fsFsCmdWithInPath
                0x0000000000002bd0      0x1d4 D:/Programmi/devkitPro/libnx/lib\libnx.a(fs.o)
 *fill*         0x0000000000002da4        0xc 
 .text._fsFsCmdWithTwoInPaths
                0x0000000000002db0      0x1fc D:/Programmi/devkitPro/libnx/lib\libnx.a(fs.o)
 *fill*         0x0000000000002fac        0x4 
 .text._fsFsOpenCommon
                0x0000000000002fb0      0x23c D:/Programmi/devkitPro/libnx/lib\libnx.a(fs.o)
 *fill*         0x00000000000031ec        0x4 
 .text._fsFsCmdWithInPathAndOutU64
                0x00000000000031f0      0x1f0 D:/Programmi/devkitPro/libnx/lib\libnx.a(fs.o)
 .text._fsObjectClose
                0x00000000000033e0       0xf4 D:/Programmi/devkitPro/libnx/lib\libnx.a(fs.o)
 *fill*         0x00000000000034d4        0xc 
 .text._fsCmdGetSession.constprop.0
                0x00000000000034e0      0x17c D:/Programmi/devkitPro/libnx/lib\libnx.a(fs.o)
 *fill*         0x000000000000365c        0x4 
 .text.fsInitialize
                0x0000000000003660      0x318 D:/Programmi/devkitPro/libnx/lib\libnx.a(fs.o)
                0x0000000000003660                fsInitialize
 *fill*         0x0000000000003978        0x8 
 .text.fsExit   0x0000000000003980       0x44 D:/Programmi/devkitPro/libnx/lib\libnx.a(fs.o)
                0x0000000000003980                fsExit
 *fill*         0x00000000000039c4        0xc 
 .text.fsOpenSdCardFileSystem
                0x00000000000039d0        0x8 D:/Programmi/devkitPro/libnx/lib\libnx.a(fs.o)
                0x00000000000039d0                fsOpenSdCardFileSystem
 *fill*         0x00000000000039d8        0x8 
 .text.fsFsCreateFile
                0x00000000000039e0      0x1e4 D:/Programmi/devkitPro/libnx/lib\libnx.a(fs.o)
                0x00000000000039e0                fsFsCreateFile
 *fill*         0x0000000000003bc4        0xc 
 .text.fsFsDeleteFile
                0x0000000000003bd0        0x8 D:/Programmi/devkitPro/libnx/lib\libnx.a(fs.o)
                0x0000000000003bd0                fsFsDeleteFile
 *fill*         0x0000000000003bd8        0x8 
 .text.fsFsCreateDirectory
                0x0000000000003be0        0x8 D:/Programmi/devkitPro/libnx/lib\libnx.a(fs.o)
                0x0000000000003be0                fsFsCreateDirectory
 *fill*         0x0000000000003be8        0x8 
 .text.fsFsDeleteDirectory
                0x0000000000003bf0        0x8 D:/Programmi/devkitPro/libnx/lib\libnx.a(fs.o)
                0x0000000000003bf0                fsFsDeleteDirectory
 *fill*         0x0000000000003bf8        0x8 
 .text.fsFsRenameFile
                0x0000000000003c00        0x8 D:/Programmi/devkitPro/libnx/lib\libnx.a(fs.o)
                0x0000000000003c00                fsFsRenameFile
 *fill*         0x0000000000003c08        0x8 
 .text.fsFsRenameDirectory
                0x0000000000003c10        0x8 D:/Programmi/devkitPro/libnx/lib\libnx.a(fs.o)
                0x0000000000003c10                fsFsRenameDirectory
 *fill*         0x0000000000003c18        0x8 
 .text.fsFsGetEntryType
                0x0000000000003c20      0x1ec D:/Programmi/devkitPro/libnx/lib\libnx.a(fs.o)
                0x0000000000003c20                fsFsGetEntryType
 *fill*         0x0000000000003e0c        0x4 
 .text.fsFsOpenFile
                0x0000000000003e10        0x8 D:/Programmi/devkitPro/libnx/lib\libnx.a(fs.o)
                0x0000000000003e10                fsFsOpenFile
 *fill*         0x0000000000003e18        0x8 
 .text.fsFsOpenDirectory
                0x0000000000003e20        0x8 D:/Programmi/devkitPro/libnx/lib\libnx.a(fs.o)
                0x0000000000003e20                fsFsOpenDirectory
 *fill*         0x0000000000003e28        0x8 
 .text.fsFsGetFreeSpace
                0x0000000000003e30        0x8 D:/Programmi/devkitPro/libnx/lib\libnx.a(fs.o)
                0x0000000000003e30                fsFsGetFreeSpace
 *fill*         0x0000000000003e38        0x8 
 .text.fsFsGetTotalSpace
                0x0000000000003e40        0x8 D:/Programmi/devkitPro/libnx/lib\libnx.a(fs.o)
                0x0000000000003e40                fsFsGetTotalSpace
 *fill*         0x0000000000003e48        0x8 
 .text.fsFsGetFileTimeStampRaw
                0x0000000000003e50      0x230 D:/Programmi/devkitPro/libnx/lib\libnx.a(fs.o)
                0x0000000000003e50                fsFsGetFileTimeStampRaw
 .text.fsFsClose
                0x0000000000004080        0x4 D:/Programmi/devkitPro/libnx/lib\libnx.a(fs.o)
                0x0000000000004080                fsFsClose
 *fill*         0x0000000000004084        0xc 
 .text.fsFileRead
                0x0000000000004090      0x210 D:/Programmi/devkitPro/libnx/lib\libnx.a(fs.o)
                0x0000000000004090                fsFileRead
 .text.fsFileWrite
                0x00000000000042a0      0x200 D:/Programmi/devkitPro/libnx/lib\libnx.a(fs.o)
                0x00000000000042a0                fsFileWrite
 .text.fsFileFlush
                0x00000000000044a0        0x8 D:/Programmi/devkitPro/libnx/lib\libnx.a(fs.o)
                0x00000000000044a0                fsFileFlush
 *fill*         0x00000000000044a8        0x8 
 .text.fsFileSetSize
                0x00000000000044b0      0x1b4 D:/Programmi/devkitPro/libnx/lib\libnx.a(fs.o)
                0x00000000000044b0                fsFileSetSize
 *fill*         0x0000000000004664        0xc 
 .text.fsFileGetSize
                0x0000000000004670      0x1c4 D:/Programmi/devkitPro/libnx/lib\libnx.a(fs.o)
                0x0000000000004670                fsFileGetSize
 *fill*         0x0000000000004834        0xc 
 .text.fsFileClose
                0x0000000000004840        0x4 D:/Programmi/devkitPro/libnx/lib\libnx.a(fs.o)
                0x0000000000004840                fsFileClose
 *fill*         0x0000000000004844        0xc 
 .text.fsDirClose
                0x0000000000004850        0x4 D:/Programmi/devkitPro/libnx/lib\libnx.a(fs.o)
                0x0000000000004850                fsDirClose
 *fill*         0x0000000000004854        0xc 
 .text.fsDirRead
                0x0000000000004860      0x204 D:/Programmi/devkitPro/libnx/lib\libnx.a(fs.o)
                0x0000000000004860                fsDirRead
 *fill*         0x0000000000004a64        0xc 
 .text._hiddbgCmdNoIO
                0x0000000000004a70       0xc0 D:/Programmi/devkitPro/libnx/lib\libnx.a(hiddbg.o)
 .text._hiddbgCmdInU64NoOut
                0x0000000000004b30       0xc4 D:/Programmi/devkitPro/libnx/lib\libnx.a(hiddbg.o)
 *fill*         0x0000000000004bf4        0xc 
 .text._hiddbgAttachHdlsVirtualDeviceV7
                0x0000000000004c00       0xd8 D:/Programmi/devkitPro/libnx/lib\libnx.a(hiddbg.o)
 *fill*         0x0000000000004cd8        0x8 
 .text._hiddbgCleanup
                0x0000000000004ce0       0x68 D:/Programmi/devkitPro/libnx/lib\libnx.a(hiddbg.o)
 *fill*         0x0000000000004d48        0x8 
 .text._hiddbgAttachHdlsVirtualDevice
                0x0000000000004d50       0xe0 D:/Programmi/devkitPro/libnx/lib\libnx.a(hiddbg.o)
 .text._hiddbgSetHdlsState
                0x0000000000004e30       0xf8 D:/Programmi/devkitPro/libnx/lib\libnx.a(hiddbg.o)
 *fill*         0x0000000000004f28        0x8 
 .text._hiddbgSetHdlsStateV7
                0x0000000000004f30      0x108 D:/Programmi/devkitPro/libnx/lib\libnx.a(hiddbg.o)
 *fill*         0x0000000000005038        0x8 
 .text._hiddbgSetHdlsStateV9
                0x0000000000005040      0x104 D:/Programmi/devkitPro/libnx/lib\libnx.a(hiddbg.o)
 *fill*         0x0000000000005144        0xc 
 .text._hiddbgCmdInHandle64OutU64.constprop.0
                0x0000000000005150       0xe0 D:/Programmi/devkitPro/libnx/lib\libnx.a(hiddbg.o)
 .text._hiddbgCmdInHandle64NoOut.constprop.0
                0x0000000000005230       0xcc D:/Programmi/devkitPro/libnx/lib\libnx.a(hiddbg.o)
 *fill*         0x00000000000052fc        0x4 
 .text.hiddbgInitialize
                0x0000000000005300       0xa0 D:/Programmi/devkitPro/libnx/lib\libnx.a(hiddbg.o)
                0x0000000000005300                hiddbgInitialize
 .text.hiddbgExit
                0x00000000000053a0       0x44 D:/Programmi/devkitPro/libnx/lib\libnx.a(hiddbg.o)
                0x00000000000053a0                hiddbgExit
 *fill*         0x00000000000053e4        0xc 
 .text.hiddbgAttachHdlsWorkBuffer
                0x00000000000053f0      0x100 D:/Programmi/devkitPro/libnx/lib\libnx.a(hiddbg.o)
                0x00000000000053f0                hiddbgAttachHdlsWorkBuffer
 .text.hiddbgReleaseHdlsWorkBuffer
                0x00000000000054f0       0x84 D:/Programmi/devkitPro/libnx/lib\libnx.a(hiddbg.o)
                0x00000000000054f0                hiddbgReleaseHdlsWorkBuffer
 *fill*         0x0000000000005574        0xc 
 .text.hiddbgAttachHdlsVirtualDevice
                0x0000000000005580       0xc4 D:/Programmi/devkitPro/libnx/lib\libnx.a(hiddbg.o)
                0x0000000000005580                hiddbgAttachHdlsVirtualDevice
 *fill*         0x0000000000005644        0xc 
 .text.hiddbgDetachHdlsVirtualDevice
                0x0000000000005650       0x60 D:/Programmi/devkitPro/libnx/lib\libnx.a(hiddbg.o)
                0x0000000000005650                hiddbgDetachHdlsVirtualDevice
 .text.hiddbgSetHdlsState
                0x00000000000056b0       0xa4 D:/Programmi/devkitPro/libnx/lib\libnx.a(hiddbg.o)
                0x00000000000056b0                hiddbgSetHdlsState
 *fill*         0x0000000000005754        0xc 
 .text._ldrDmntCleanup
                0x0000000000005760       0x68 D:/Programmi/devkitPro/libnx/lib\libnx.a(ldr.o)
 *fill*         0x00000000000057c8        0x8 
 .text.ldrDmntInitialize
                0x00000000000057d0       0xa0 D:/Programmi/devkitPro/libnx/lib\libnx.a(ldr.o)
                0x00000000000057d0                ldrDmntInitialize
 .text.ldrDmntGetProcessModuleInfo
                0x0000000000005870       0xf4 D:/Programmi/devkitPro/libnx/lib\libnx.a(ldr.o)
                0x0000000000005870                ldrDmntGetProcessModuleInfo
 *fill*         0x0000000000005964        0xc 
 .text._pmdmntCleanup
                0x0000000000005970       0x68 D:/Programmi/devkitPro/libnx/lib\libnx.a(pm.o)
 *fill*         0x00000000000059d8        0x8 
 .text._pminfoCleanup
                0x00000000000059e0       0x68 D:/Programmi/devkitPro/libnx/lib\libnx.a(pm.o)
 *fill*         0x0000000000005a48        0x8 
 .text.pmdmntInitialize
                0x0000000000005a50       0xa0 D:/Programmi/devkitPro/libnx/lib\libnx.a(pm.o)
                0x0000000000005a50                pmdmntInitialize
 .text.pminfoInitialize
                0x0000000000005af0       0xa0 D:/Programmi/devkitPro/libnx/lib\libnx.a(pm.o)
                0x0000000000005af0                pminfoInitialize
 .text.pmdmntGetApplicationProcessId
                0x0000000000005b90       0xe4 D:/Programmi/devkitPro/libnx/lib\libnx.a(pm.o)
                0x0000000000005b90                pmdmntGetApplicationProcessId
 *fill*         0x0000000000005c74        0xc 
 .text.pminfoGetProgramId
                0x0000000000005c80       0xd0 D:/Programmi/devkitPro/libnx/lib\libnx.a(pm.o)
                0x0000000000005c80                pminfoGetProgramId
 .text._setCmdNoInOut64
                0x0000000000005d50       0xcc D:/Programmi/devkitPro/libnx/lib\libnx.a(set.o)
 *fill*         0x0000000000005e1c        0x4 
 .text._setCmdNoInOutU32
                0x0000000000005e20       0xcc D:/Programmi/devkitPro/libnx/lib\libnx.a(set.o)
 *fill*         0x0000000000005eec        0x4 
 .text._setsysGetFirmwareVersionImpl
                0x0000000000005ef0       0xd4 D:/Programmi/devkitPro/libnx/lib\libnx.a(set.o)
 *fill*         0x0000000000005fc4        0xc 
 .text._setCleanup
                0x0000000000005fd0       0x68 D:/Programmi/devkitPro/libnx/lib\libnx.a(set.o)
 *fill*         0x0000000000006038        0x8 
 .text._setsysCleanup
                0x0000000000006040       0x68 D:/Programmi/devkitPro/libnx/lib\libnx.a(set.o)
 *fill*         0x00000000000060a8        0x8 
 .text.setInitialize
                0x00000000000060b0       0xa0 D:/Programmi/devkitPro/libnx/lib\libnx.a(set.o)
                0x00000000000060b0                setInitialize
 .text.setsysInitialize
                0x0000000000006150       0xa0 D:/Programmi/devkitPro/libnx/lib\libnx.a(set.o)
                0x0000000000006150                setsysInitialize
 .text.setsysExit
                0x00000000000061f0       0x44 D:/Programmi/devkitPro/libnx/lib\libnx.a(set.o)
                0x00000000000061f0                setsysExit
 *fill*         0x0000000000006234        0xc 
 .text.setGetLanguageCode
                0x0000000000006240       0x14 D:/Programmi/devkitPro/libnx/lib\libnx.a(set.o)
                0x0000000000006240                setGetLanguageCode
 *fill*         0x0000000000006254        0xc 
 .text.setGetSystemLanguage
                0x0000000000006260        0x4 D:/Programmi/devkitPro/libnx/lib\libnx.a(set.o)
                0x0000000000006260                setGetSystemLanguage
 *fill*         0x0000000000006264        0xc 
 .text.setGetAvailableLanguageCodeCount
                0x0000000000006270       0x68 D:/Programmi/devkitPro/libnx/lib\libnx.a(set.o)
                0x0000000000006270                setGetAvailableLanguageCodeCount
 *fill*         0x00000000000062d8        0x8 
 .text.setGetAvailableLanguageCodes
                0x00000000000062e0      0x190 D:/Programmi/devkitPro/libnx/lib\libnx.a(set.o)
                0x00000000000062e0                setGetAvailableLanguageCodes
 .text.setMakeLanguage
                0x0000000000006470       0xd8 D:/Programmi/devkitPro/libnx/lib\libnx.a(set.o)
                0x0000000000006470                setMakeLanguage
 *fill*         0x0000000000006548        0x8 
 .text.setsysGetFirmwareVersion
                0x0000000000006550       0x44 D:/Programmi/devkitPro/libnx/lib\libnx.a(set.o)
                0x0000000000006550                setsysGetFirmwareVersion
 *fill*         0x0000000000006594        0xc 
 .text._smCmifCmdInPid
                0x00000000000065a0       0xd0 D:/Programmi/devkitPro/libnx/lib\libnx.a(sm.o)
 .text._smCleanup
                0x0000000000006670       0x68 D:/Programmi/devkitPro/libnx/lib\libnx.a(sm.o)
 *fill*         0x00000000000066d8        0x8 
 .text.smAddOverrideHandle
                0x00000000000066e0       0x48 D:/Programmi/devkitPro/libnx/lib\libnx.a(sm.o)
                0x00000000000066e0                smAddOverrideHandle
 *fill*         0x0000000000006728        0x8 
 .text.smGetServiceOverride
                0x0000000000006730       0x54 D:/Programmi/devkitPro/libnx/lib\libnx.a(sm.o)
                0x0000000000006730                smGetServiceOverride
 *fill*         0x0000000000006784        0xc 
 .text.smInitialize
                0x0000000000006790      0x1c0 D:/Programmi/devkitPro/libnx/lib\libnx.a(sm.o)
                0x0000000000006790                smInitialize
 .text.smExit   0x0000000000006950       0x44 D:/Programmi/devkitPro/libnx/lib\libnx.a(sm.o)
                0x0000000000006950                smExit
 *fill*         0x0000000000006994        0xc 
 .text.smGetServiceOriginal
                0x00000000000069a0       0xd0 D:/Programmi/devkitPro/libnx/lib\libnx.a(sm.o)
                0x00000000000069a0                smGetServiceOriginal
 .text.smGetServiceWrapper
                0x0000000000006a70      0x120 D:/Programmi/devkitPro/libnx/lib\libnx.a(sm.o)
                0x0000000000006a70                smGetServiceWrapper
 .text._timeCleanup
                0x0000000000006b90      0x228 D:/Programmi/devkitPro/libnx/lib\libnx.a(time.o)
 *fill*         0x0000000000006db8        0x8 
 .text._timeCmdNoInOutU64.constprop.0
                0x0000000000006dc0       0xc8 D:/Programmi/devkitPro/libnx/lib\libnx.a(time.o)
 *fill*         0x0000000000006e88        0x8 
 .text._timeCmdInU64NoOut.constprop.0
                0x0000000000006e90       0xbc D:/Programmi/devkitPro/libnx/lib\libnx.a(time.o)
 *fill*         0x0000000000006f4c        0x4 
 .text._timeCmdGetSession.constprop.0
                0x0000000000006f50      0x100 D:/Programmi/devkitPro/libnx/lib\libnx.a(time.o)
 .text._timeGetSharedMemoryNativeHandle.constprop.0
                0x0000000000007050       0xcc D:/Programmi/devkitPro/libnx/lib\libnx.a(time.o)
 *fill*         0x000000000000711c        0x4 
 .text._timeReadClockFromSharedMem
                0x0000000000007120      0x110 D:/Programmi/devkitPro/libnx/lib\libnx.a(time.o)
 .text.timeInitialize
                0x0000000000007230      0x238 D:/Programmi/devkitPro/libnx/lib\libnx.a(time.o)
                0x0000000000007230                timeInitialize
 *fill*         0x0000000000007468        0x8 
 .text.timeExit
                0x0000000000007470       0x44 D:/Programmi/devkitPro/libnx/lib\libnx.a(time.o)
                0x0000000000007470                timeExit
 *fill*         0x00000000000074b4        0xc 
 .text.timeGetServiceSession_SystemClock
                0x00000000000074c0       0x38 D:/Programmi/devkitPro/libnx/lib\libnx.a(time.o)
                0x00000000000074c0                timeGetServiceSession_SystemClock
 *fill*         0x00000000000074f8        0x8 
 .text.timeGetCurrentTime
                0x0000000000007500       0x5c D:/Programmi/devkitPro/libnx/lib\libnx.a(time.o)
                0x0000000000007500                timeGetCurrentTime
 *fill*         0x000000000000755c        0x4 
 .text.timeSetCurrentTime
                0x0000000000007560       0x38 D:/Programmi/devkitPro/libnx/lib\libnx.a(time.o)
                0x0000000000007560                timeSetCurrentTime
 *fill*         0x0000000000007598        0x8 
 .text.timeToPosixTimeWithMyRule
                0x00000000000075a0      0x104 D:/Programmi/devkitPro/libnx/lib\libnx.a(time.o)
                0x00000000000075a0                timeToPosixTimeWithMyRule
 *fill*         0x00000000000076a4        0xc 
 .text.diagAbortWithResult
                0x00000000000076b0       0x1c D:/Programmi/devkitPro/libnx/lib\libnx.a(diag.o)
                0x00000000000076b0                diagAbortWithResult
 *fill*         0x00000000000076cc        0x4 
 .text.envSetup
                0x00000000000076d0      0x24c D:/Programmi/devkitPro/libnx/lib\libnx.a(env.o)
                0x00000000000076d0                envSetup
 *fill*         0x000000000000791c        0x4 
 .text.envGetMainThreadHandle
                0x0000000000007920       0x20 D:/Programmi/devkitPro/libnx/lib\libnx.a(env.o)
                0x0000000000007920                envGetMainThreadHandle
 .text.envIsNso
                0x0000000000007940        0xc D:/Programmi/devkitPro/libnx/lib\libnx.a(env.o)
                0x0000000000007940                envIsNso
 *fill*         0x000000000000794c        0x4 
 .text.envHasArgv
                0x0000000000007950       0x14 D:/Programmi/devkitPro/libnx/lib\libnx.a(env.o)
                0x0000000000007950                envHasArgv
 *fill*         0x0000000000007964        0xc 
 .text.envGetArgv
                0x0000000000007970        0xc D:/Programmi/devkitPro/libnx/lib\libnx.a(env.o)
                0x0000000000007970                envGetArgv
 *fill*         0x000000000000797c        0x4 
 .text.envGetExitFuncPtr
                0x0000000000007980        0xc D:/Programmi/devkitPro/libnx/lib\libnx.a(env.o)
                0x0000000000007980                envGetExitFuncPtr
 *fill*         0x000000000000798c        0x4 
 .text.envHasRandomSeed
                0x0000000000007990        0xc D:/Programmi/devkitPro/libnx/lib\libnx.a(env.o)
                0x0000000000007990                envHasRandomSeed
 *fill*         0x000000000000799c        0x4 
 .text.envGetRandomSeed
                0x00000000000079a0       0x18 D:/Programmi/devkitPro/libnx/lib\libnx.a(env.o)
                0x00000000000079a0                envGetRandomSeed
 *fill*         0x00000000000079b8        0x8 
 .text.hosversionGet
                0x00000000000079c0       0x14 D:/Programmi/devkitPro/libnx/lib\libnx.a(hosversion.o)
                0x00000000000079c0                hosversionGet
 *fill*         0x00000000000079d4        0xc 
 .text.hosversionSet
                0x00000000000079e0       0x10 D:/Programmi/devkitPro/libnx/lib\libnx.a(hosversion.o)
                0x00000000000079e0                hosversionSet
 .text._resolverDeserializeHostent
                0x00000000000079f0      0x23c D:/Programmi/devkitPro/libnx/lib\libnx.a(resolver.o)
 *fill*         0x0000000000007c2c        0x4 
 .text.gethostbyname
                0x0000000000007c30      0x184 D:/Programmi/devkitPro/libnx/lib\libnx.a(resolver.o)
                0x0000000000007c30                gethostbyname
 *fill*         0x0000000000007db4        0xc 
 .text.fsdev_link
                0x0000000000007dc0       0x14 D:/Programmi/devkitPro/libnx/lib\libnx.a(fs_dev.o)
 *fill*         0x0000000000007dd4        0xc 
 .text.fsdev_dirreset
                0x0000000000007de0       0x14 D:/Programmi/devkitPro/libnx/lib\libnx.a(fs_dev.o)
 *fill*         0x0000000000007df4        0xc 
 .text.fsdev_chmod
                0x0000000000007e00       0x14 D:/Programmi/devkitPro/libnx/lib\libnx.a(fs_dev.o)
 *fill*         0x0000000000007e14        0xc 
 .text.error_cmp
                0x0000000000007e20       0x18 D:/Programmi/devkitPro/libnx/lib\libnx.a(fs_dev.o)
 *fill*         0x0000000000007e38        0x8 
 .text.fsdev_dirclose
                0x0000000000007e40       0x20 D:/Programmi/devkitPro/libnx/lib\libnx.a(fs_dev.o)
 .text.fsdev_close
                0x0000000000007e60       0x1c D:/Programmi/devkitPro/libnx/lib\libnx.a(fs_dev.o)
 *fill*         0x0000000000007e7c        0x4 
 .text.fsdev_converttimetoutc
                0x0000000000007e80       0x80 D:/Programmi/devkitPro/libnx/lib\libnx.a(fs_dev.o)
 .text.fsdevFindDevice.part.0
                0x0000000000007f00       0xb8 D:/Programmi/devkitPro/libnx/lib\libnx.a(fs_dev.o)
 *fill*         0x0000000000007fb8        0x8 
 .text.fsdev_fixpath
                0x0000000000007fc0      0x1e0 D:/Programmi/devkitPro/libnx/lib\libnx.a(fs_dev.o)
 .text._fsdevUnmountDeviceStruct.part.0
                0x00000000000081a0       0xa0 D:/Programmi/devkitPro/libnx/lib\libnx.a(fs_dev.o)
 .text.fsdev_fchmod
                0x0000000000008240       0x14 D:/Programmi/devkitPro/libnx/lib\libnx.a(fs_dev.o)
 *fill*         0x0000000000008254        0xc 
 .text.fsdev_diropen
                0x0000000000008260      0x108 D:/Programmi/devkitPro/libnx/lib\libnx.a(fs_dev.o)
 *fill*         0x0000000000008368        0x8 
 .text.fsdev_fsync
                0x0000000000008370       0x7c D:/Programmi/devkitPro/libnx/lib\libnx.a(fs_dev.o)
 *fill*         0x00000000000083ec        0x4 
 .text.fsdev_fstat
                0x00000000000083f0      0x108 D:/Programmi/devkitPro/libnx/lib\libnx.a(fs_dev.o)
 *fill*         0x00000000000084f8        0x8 
 .text.fsdev_ftruncate
                0x0000000000008500       0x94 D:/Programmi/devkitPro/libnx/lib\libnx.a(fs_dev.o)
 *fill*         0x0000000000008594        0xc 
 .text.fsdev_stat
                0x00000000000085a0      0x1f8 D:/Programmi/devkitPro/libnx/lib\libnx.a(fs_dev.o)
 *fill*         0x0000000000008798        0x8 
 .text.fsdev_rename
                0x00000000000087a0      0x154 D:/Programmi/devkitPro/libnx/lib\libnx.a(fs_dev.o)
 *fill*         0x00000000000088f4        0xc 
 .text.fsdev_chdir
                0x0000000000008900      0x148 D:/Programmi/devkitPro/libnx/lib\libnx.a(fs_dev.o)
 *fill*         0x0000000000008a48        0x8 
 .text.fsdev_mkdir
                0x0000000000008a50       0xac D:/Programmi/devkitPro/libnx/lib\libnx.a(fs_dev.o)
 *fill*         0x0000000000008afc        0x4 
 .text.fsdev_unlink
                0x0000000000008b00       0xac D:/Programmi/devkitPro/libnx/lib\libnx.a(fs_dev.o)
 *fill*         0x0000000000008bac        0x4 
 .text.fsdev_rmdir
                0x0000000000008bb0       0xac D:/Programmi/devkitPro/libnx/lib\libnx.a(fs_dev.o)
 *fill*         0x0000000000008c5c        0x4 
 .text.fsdev_statvfs
                0x0000000000008c60      0x104 D:/Programmi/devkitPro/libnx/lib\libnx.a(fs_dev.o)
 *fill*         0x0000000000008d64        0xc 
 .text.fsdev_write_safe
                0x0000000000008d70      0x13c D:/Programmi/devkitPro/libnx/lib\libnx.a(fs_dev.o)
 *fill*         0x0000000000008eac        0x4 
 .text.fsdev_read_safe
                0x0000000000008eb0      0x13c D:/Programmi/devkitPro/libnx/lib\libnx.a(fs_dev.o)
 *fill*         0x0000000000008fec        0x4 
 .text.fsdev_read
                0x0000000000008ff0      0x104 D:/Programmi/devkitPro/libnx/lib\libnx.a(fs_dev.o)
 *fill*         0x00000000000090f4        0xc 
 .text.fsdev_dirnext
                0x0000000000009100      0x1d4 D:/Programmi/devkitPro/libnx/lib\libnx.a(fs_dev.o)
 *fill*         0x00000000000092d4        0xc 
 .text.fsdev_write
                0x00000000000092e0      0x124 D:/Programmi/devkitPro/libnx/lib\libnx.a(fs_dev.o)
 *fill*         0x0000000000009404        0xc 
 .text.fsdev_seek
                0x0000000000009410       0xe4 D:/Programmi/devkitPro/libnx/lib\libnx.a(fs_dev.o)
 *fill*         0x00000000000094f4        0xc 
 .text.fsdev_open
                0x0000000000009500      0x238 D:/Programmi/devkitPro/libnx/lib\libnx.a(fs_dev.o)
 *fill*         0x0000000000009738        0x8 
 .text.fsdevMountDevice
                0x0000000000009740      0x26c D:/Programmi/devkitPro/libnx/lib\libnx.a(fs_dev.o)
                0x0000000000009740                fsdevMountDevice
 *fill*         0x00000000000099ac        0x4 
 .text.fsdevMountSdmc
                0x00000000000099b0       0x48 D:/Programmi/devkitPro/libnx/lib\libnx.a(fs_dev.o)
                0x00000000000099b0                fsdevMountSdmc
 *fill*         0x00000000000099f8        0x8 
 .text.fsdevUnmountAll
                0x0000000000009a00       0x64 D:/Programmi/devkitPro/libnx/lib\libnx.a(fs_dev.o)
                0x0000000000009a00                fsdevUnmountAll
 *fill*         0x0000000000009a64        0xc 
 .text._socketParseBsdResult.part.0
                0x0000000000009a70       0xa8 D:/Programmi/devkitPro/libnx/lib\libnx.a(socket.o)
 *fill*         0x0000000000009b18        0x8 
 .text._socketRead
                0x0000000000009b20       0x48 D:/Programmi/devkitPro/libnx/lib\libnx.a(socket.o)
 *fill*         0x0000000000009b68        0x8 
 .text._socketWrite
                0x0000000000009b70       0x48 D:/Programmi/devkitPro/libnx/lib\libnx.a(socket.o)
 *fill*         0x0000000000009bb8        0x8 
 .text._socketClose
                0x0000000000009bc0       0x3c D:/Programmi/devkitPro/libnx/lib\libnx.a(socket.o)
 *fill*         0x0000000000009bfc        0x4 
 .text._socketOpen
                0x0000000000009c00       0x78 D:/Programmi/devkitPro/libnx/lib\libnx.a(socket.o)
 *fill*         0x0000000000009c78        0x8 
 .text._socketGetFd
                0x0000000000009c80       0x84 D:/Programmi/devkitPro/libnx/lib\libnx.a(socket.o)
 *fill*         0x0000000000009d04        0xc 
 .text.socketExit
                0x0000000000009d10       0x1c D:/Programmi/devkitPro/libnx/lib\libnx.a(socket.o)
                0x0000000000009d10                socketExit
 *fill*         0x0000000000009d2c        0x4 
 .text.socketInitialize
                0x0000000000009d30      0x154 D:/Programmi/devkitPro/libnx/lib\libnx.a(socket.o)
                0x0000000000009d30                socketInitialize
 *fill*         0x0000000000009e84        0xc 
 .text.socket   0x0000000000009e90       0xac D:/Programmi/devkitPro/libnx/lib\libnx.a(socket.o)
                0x0000000000009e90                socket
 *fill*         0x0000000000009f3c        0x4 
 .text.recv     0x0000000000009f40       0x68 D:/Programmi/devkitPro/libnx/lib\libnx.a(socket.o)
                0x0000000000009f40                recv
 *fill*         0x0000000000009fa8        0x8 
 .text.send     0x0000000000009fb0       0x68 D:/Programmi/devkitPro/libnx/lib\libnx.a(socket.o)
                0x0000000000009fb0                send
 *fill*         0x000000000000a018        0x8 
 .text.connect  0x000000000000a020       0x60 D:/Programmi/devkitPro/libnx/lib\libnx.a(socket.o)
                0x000000000000a020                connect
 .text._usbCommsRead
                0x000000000000a080      0x1d8 D:/Programmi/devkitPro/libnx/lib\libnx.a(usb_comms.o)
 *fill*         0x000000000000a258        0x8 
 .text._usbCommsWrite
                0x000000000000a260      0x1f0 D:/Programmi/devkitPro/libnx/lib\libnx.a(usb_comms.o)
 .text.usbCommsExit
                0x000000000000a450       0xbc D:/Programmi/devkitPro/libnx/lib\libnx.a(usb_comms.o)
                0x000000000000a450                usbCommsExit
 *fill*         0x000000000000a50c        0x4 
 .text.usbCommsInitializeEx
                0x000000000000a510      0x6d8 D:/Programmi/devkitPro/libnx/lib\libnx.a(usb_comms.o)
                0x000000000000a510                usbCommsInitializeEx
 *fill*         0x000000000000abe8        0x8 
 .text.usbCommsInitialize
                0x000000000000abf0        0xc D:/Programmi/devkitPro/libnx/lib\libnx.a(usb_comms.o)
                0x000000000000abf0                usbCommsInitialize
 *fill*         0x000000000000abfc        0x4 
 .text.usbCommsReadEx
                0x000000000000ac00      0x134 D:/Programmi/devkitPro/libnx/lib\libnx.a(usb_comms.o)
                0x000000000000ac00                usbCommsReadEx
 *fill*         0x000000000000ad34        0xc 
 .text.usbCommsRead
                0x000000000000ad40        0x8 D:/Programmi/devkitPro/libnx/lib\libnx.a(usb_comms.o)
                0x000000000000ad40                usbCommsRead
 *fill*         0x000000000000ad48        0x8 
 .text.usbCommsWriteEx
                0x000000000000ad50      0x134 D:/Programmi/devkitPro/libnx/lib\libnx.a(usb_comms.o)
                0x000000000000ad50                usbCommsWriteEx
 *fill*         0x000000000000ae84        0xc 
 .text.usbCommsWrite
                0x000000000000ae90        0x8 D:/Programmi/devkitPro/libnx/lib\libnx.a(usb_comms.o)
                0x000000000000ae90                usbCommsWrite
 *fill*         0x000000000000ae98        0x8 
 .text.decode_utf8
                0x000000000000aea0      0x12c D:/Programmi/devkitPro/libnx/lib\libnx.a(decode_utf8.o)
                0x000000000000aea0                decode_utf8
 .text.svcUnmapMemory
                0x000000000000afcc        0x8 D:/Programmi/devkitPro/libnx/lib\libnx.a(svc.o)
                0x000000000000afcc                svcUnmapMemory
 .text.svcQueryMemory
                0x000000000000afd4       0x14 D:/Programmi/devkitPro/libnx/lib\libnx.a(svc.o)
                0x000000000000afd4                svcQueryMemory
 .text.svcExitProcess
                0x000000000000afe8        0x8 D:/Programmi/devkitPro/libnx/lib\libnx.a(svc.o)
                0x000000000000afe8                svcExitProcess
 .text.svcSleepThread
                0x000000000000aff0        0x8 D:/Programmi/devkitPro/libnx/lib\libnx.a(svc.o)
                0x000000000000aff0                svcSleepThread
 .text.svcClearEvent
                0x000000000000aff8        0x8 D:/Programmi/devkitPro/libnx/lib\libnx.a(svc.o)
                0x000000000000aff8                svcClearEvent
 .text.svcMapSharedMemory
                0x000000000000b000        0x8 D:/Programmi/devkitPro/libnx/lib\libnx.a(svc.o)
                0x000000000000b000                svcMapSharedMemory
 .text.svcUnmapSharedMemory
                0x000000000000b008        0x8 D:/Programmi/devkitPro/libnx/lib\libnx.a(svc.o)
                0x000000000000b008                svcUnmapSharedMemory
 .text.svcCreateTransferMemory
                0x000000000000b010       0x14 D:/Programmi/devkitPro/libnx/lib\libnx.a(svc.o)
                0x000000000000b010                svcCreateTransferMemory
 .text.svcCloseHandle
                0x000000000000b024        0x8 D:/Programmi/devkitPro/libnx/lib\libnx.a(svc.o)
                0x000000000000b024                svcCloseHandle
 .text.svcResetSignal
                0x000000000000b02c        0x8 D:/Programmi/devkitPro/libnx/lib\libnx.a(svc.o)
                0x000000000000b02c                svcResetSignal
 .text.svcWaitSynchronization
                0x000000000000b034       0x14 D:/Programmi/devkitPro/libnx/lib\libnx.a(svc.o)
                0x000000000000b034                svcWaitSynchronization
 .text.svcArbitrateLock
                0x000000000000b048        0x8 D:/Programmi/devkitPro/libnx/lib\libnx.a(svc.o)
                0x000000000000b048                svcArbitrateLock
 .text.svcArbitrateUnlock
                0x000000000000b050        0x8 D:/Programmi/devkitPro/libnx/lib\libnx.a(svc.o)
                0x000000000000b050                svcArbitrateUnlock
 .text.svcWaitProcessWideKeyAtomic
                0x000000000000b058        0x8 D:/Programmi/devkitPro/libnx/lib\libnx.a(svc.o)
                0x000000000000b058                svcWaitProcessWideKeyAtomic
 .text.svcSignalProcessWideKey
                0x000000000000b060        0x8 D:/Programmi/devkitPro/libnx/lib\libnx.a(svc.o)
                0x000000000000b060                svcSignalProcessWideKey
 .text.svcConnectToNamedPort
                0x000000000000b068       0x14 D:/Programmi/devkitPro/libnx/lib\libnx.a(svc.o)
                0x000000000000b068                svcConnectToNamedPort
 .text.svcSendSyncRequest
                0x000000000000b07c        0x8 D:/Programmi/devkitPro/libnx/lib\libnx.a(svc.o)
                0x000000000000b07c                svcSendSyncRequest
 .text.svcBreak
                0x000000000000b084        0x8 D:/Programmi/devkitPro/libnx/lib\libnx.a(svc.o)
                0x000000000000b084                svcBreak
 .text.svcReturnFromException
                0x000000000000b08c        0x8 D:/Programmi/devkitPro/libnx/lib\libnx.a(svc.o)
                0x000000000000b08c                svcReturnFromException
 .text.svcGetInfo
                0x000000000000b094       0x14 D:/Programmi/devkitPro/libnx/lib\libnx.a(svc.o)
                0x000000000000b094                svcGetInfo
 .text.svcUnmapTransferMemory
                0x000000000000b0a8        0x8 D:/Programmi/devkitPro/libnx/lib\libnx.a(svc.o)
                0x000000000000b0a8                svcUnmapTransferMemory
 .text.svcDebugActiveProcess
                0x000000000000b0b0       0x14 D:/Programmi/devkitPro/libnx/lib\libnx.a(svc.o)
                0x000000000000b0b0                svcDebugActiveProcess
 .text.svcQueryDebugProcessMemory
                0x000000000000b0c4       0x14 D:/Programmi/devkitPro/libnx/lib\libnx.a(svc.o)
                0x000000000000b0c4                svcQueryDebugProcessMemory
 .text.svcReadDebugProcessMemory
                0x000000000000b0d8        0x8 D:/Programmi/devkitPro/libnx/lib\libnx.a(svc.o)
                0x000000000000b0d8                svcReadDebugProcessMemory
 .text.svcWriteDebugProcessMemory
                0x000000000000b0e0        0x8 D:/Programmi/devkitPro/libnx/lib\libnx.a(svc.o)
                0x000000000000b0e0                svcWriteDebugProcessMemory
 .text.__aarch64_read_tp
                0x000000000000b0e8        0xc D:/Programmi/devkitPro/libnx/lib\libnx.a(readtp.o)
                0x000000000000b0e8                __aarch64_read_tp
 *fill*         0x000000000000b0f4        0xc 
 .text.eventLoadRemote
                0x000000000000b100        0xc D:/Programmi/devkitPro/libnx/lib\libnx.a(event.o)
                0x000000000000b100                eventLoadRemote
 *fill*         0x000000000000b10c        0x4 
 .text.eventWait
                0x000000000000b110       0x38 D:/Programmi/devkitPro/libnx/lib\libnx.a(event.o)
                0x000000000000b110                eventWait
 *fill*         0x000000000000b148        0x8 
 .text.eventClear
                0x000000000000b150       0x24 D:/Programmi/devkitPro/libnx/lib\libnx.a(event.o)
                0x000000000000b150                eventClear
 *fill*         0x000000000000b174        0xc 
 .text.eventClose
                0x000000000000b180       0x50 D:/Programmi/devkitPro/libnx/lib\libnx.a(event.o)
                0x000000000000b180                eventClose
 .text.mutexLock
                0x000000000000b1d0       0x80 D:/Programmi/devkitPro/libnx/lib\libnx.a(mutex.o)
                0x000000000000b1d0                mutexLock
 .text.mutexUnlock
                0x000000000000b250       0x68 D:/Programmi/devkitPro/libnx/lib\libnx.a(mutex.o)
                0x000000000000b250                mutexUnlock
 *fill*         0x000000000000b2b8        0x8 
 .text.mutexIsLockedByCurrentThread
                0x000000000000b2c0       0x1c D:/Programmi/devkitPro/libnx/lib\libnx.a(mutex.o)
                0x000000000000b2c0                mutexIsLockedByCurrentThread
 *fill*         0x000000000000b2dc        0x4 
 .text.rmutexLock
                0x000000000000b2e0       0x4c D:/Programmi/devkitPro/libnx/lib\libnx.a(mutex.o)
                0x000000000000b2e0                rmutexLock
 *fill*         0x000000000000b32c        0x4 
 .text.rmutexUnlock
                0x000000000000b330       0x1c D:/Programmi/devkitPro/libnx/lib\libnx.a(mutex.o)
                0x000000000000b330                rmutexUnlock
 *fill*         0x000000000000b34c        0x4 
 .text.rwlockReadLock
                0x000000000000b350       0x98 D:/Programmi/devkitPro/libnx/lib\libnx.a(rwlock.o)
                0x000000000000b350                rwlockReadLock
 *fill*         0x000000000000b3e8        0x8 
 .text.rwlockReadUnlock
                0x000000000000b3f0       0xb4 D:/Programmi/devkitPro/libnx/lib\libnx.a(rwlock.o)
                0x000000000000b3f0                rwlockReadUnlock
 *fill*         0x000000000000b4a4        0xc 
 .text.rwlockWriteLock
                0x000000000000b4b0       0xa4 D:/Programmi/devkitPro/libnx/lib\libnx.a(rwlock.o)
                0x000000000000b4b0                rwlockWriteLock
 *fill*         0x000000000000b554        0xc 
 .text.rwlockWriteUnlock
                0x000000000000b560       0x78 D:/Programmi/devkitPro/libnx/lib\libnx.a(rwlock.o)
                0x000000000000b560                rwlockWriteUnlock
 *fill*         0x000000000000b5d8        0x8 
 .text.shmemLoadRemote
                0x000000000000b5e0       0x14 D:/Programmi/devkitPro/libnx/lib\libnx.a(shmem.o)
                0x000000000000b5e0                shmemLoadRemote
 *fill*         0x000000000000b5f4        0xc 
 .text.shmemMap
                0x000000000000b600       0x88 D:/Programmi/devkitPro/libnx/lib\libnx.a(shmem.o)
                0x000000000000b600                shmemMap
 *fill*         0x000000000000b688        0x8 
 .text.shmemUnmap
                0x000000000000b690       0x34 D:/Programmi/devkitPro/libnx/lib\libnx.a(shmem.o)
                0x000000000000b690                shmemUnmap
 *fill*         0x000000000000b6c4        0xc 
 .text.shmemClose
                0x000000000000b6d0       0x44 D:/Programmi/devkitPro/libnx/lib\libnx.a(shmem.o)
                0x000000000000b6d0                shmemClose
 *fill*         0x000000000000b714        0xc 
 .text.tmemCreate
                0x000000000000b720       0xa8 D:/Programmi/devkitPro/libnx/lib\libnx.a(tmem.o)
                0x000000000000b720                tmemCreate
 *fill*         0x000000000000b7c8        0x8 
 .text.tmemCreateFromMemory
                0x000000000000b7d0       0x28 D:/Programmi/devkitPro/libnx/lib\libnx.a(tmem.o)
                0x000000000000b7d0                tmemCreateFromMemory
 *fill*         0x000000000000b7f8        0x8 
 .text.tmemUnmap
                0x000000000000b800       0x34 D:/Programmi/devkitPro/libnx/lib\libnx.a(tmem.o)
                0x000000000000b800                tmemUnmap
 *fill*         0x000000000000b834        0xc 
 .text.tmemClose
                0x000000000000b840       0x68 D:/Programmi/devkitPro/libnx/lib\libnx.a(tmem.o)
                0x000000000000b840                tmemClose
 *fill*         0x000000000000b8a8        0x8 
 .text._memregionInitWithInfo
                0x000000000000b8b0       0x64 D:/Programmi/devkitPro/libnx/lib\libnx.a(virtmem.o)
 *fill*         0x000000000000b914        0xc 
 .text.__libnx_virtmem_rng
                0x000000000000b920        0x4 D:/Programmi/devkitPro/libnx/lib\libnx.a(virtmem.o)
                0x000000000000b920                __libnx_virtmem_rng
 *fill*         0x000000000000b924        0xc 
 .text._memregionFindRandom
                0x000000000000b930      0x178 D:/Programmi/devkitPro/libnx/lib\libnx.a(virtmem.o)
 *fill*         0x000000000000baa8        0x8 
 .text.virtmemSetup
                0x000000000000bab0      0x120 D:/Programmi/devkitPro/libnx/lib\libnx.a(virtmem.o)
                0x000000000000bab0                virtmemSetup
 .text.virtmemLock
                0x000000000000bbd0        0xc D:/Programmi/devkitPro/libnx/lib\libnx.a(virtmem.o)
                0x000000000000bbd0                virtmemLock
 *fill*         0x000000000000bbdc        0x4 
 .text.virtmemUnlock
                0x000000000000bbe0        0xc D:/Programmi/devkitPro/libnx/lib\libnx.a(virtmem.o)
                0x000000000000bbe0                virtmemUnlock
 *fill*         0x000000000000bbec        0x4 
 .text.virtmemFindAslr
                0x000000000000bbf0       0x54 D:/Programmi/devkitPro/libnx/lib\libnx.a(virtmem.o)
                0x000000000000bbf0                virtmemFindAslr
 *fill*         0x000000000000bc44        0xc 
 .text.waitObjects
                0x000000000000bc50      0x45c D:/Programmi/devkitPro/libnx/lib\libnx.a(wait.o)
                0x000000000000bc50                waitObjects
 *fill*         0x000000000000c0ac        0x4 
 .text.sessionmgrCreate
                0x000000000000c0b0      0x180 D:/Programmi/devkitPro/libnx/lib\libnx.a(sessionmgr.o)
                0x000000000000c0b0                sessionmgrCreate
 .text.sessionmgrClose
                0x000000000000c230       0x84 D:/Programmi/devkitPro/libnx/lib\libnx.a(sessionmgr.o)
                0x000000000000c230                sessionmgrClose
 *fill*         0x000000000000c2b4        0xc 
 .text.sessionmgrAttachClient
                0x000000000000c2c0       0xb4 D:/Programmi/devkitPro/libnx/lib\libnx.a(sessionmgr.o)
                0x000000000000c2c0                sessionmgrAttachClient
 *fill*         0x000000000000c374        0xc 
 .text.sessionmgrDetachClient
                0x000000000000c380       0x70 D:/Programmi/devkitPro/libnx/lib\libnx.a(sessionmgr.o)
                0x000000000000c380                sessionmgrDetachClient
 .text._bsdStartMonitoring
                0x000000000000c3f0       0xf4 D:/Programmi/devkitPro/libnx/lib\libnx.a(bsd.o)
 *fill*         0x000000000000c4e4        0xc 
 .text._bsdCleanup
                0x000000000000c4f0       0xe0 D:/Programmi/devkitPro/libnx/lib\libnx.a(bsd.o)
 .text._bsdCmdInSockfdSockaddr
                0x000000000000c5d0      0x1bc D:/Programmi/devkitPro/libnx/lib\libnx.a(bsd.o)
 *fill*         0x000000000000c78c        0x4 
 .text._bsdCmdInDomainTypeProtocol
                0x000000000000c790      0x148 D:/Programmi/devkitPro/libnx/lib\libnx.a(bsd.o)
 *fill*         0x000000000000c8d8        0x8 
 .text._bsdRegisterClient.constprop.0
                0x000000000000c8e0      0x130 D:/Programmi/devkitPro/libnx/lib\libnx.a(bsd.o)
 .text.bsdInitialize
                0x000000000000ca10      0x21c D:/Programmi/devkitPro/libnx/lib\libnx.a(bsd.o)
                0x000000000000ca10                bsdInitialize
 *fill*         0x000000000000cc2c        0x4 
 .text.bsdExit  0x000000000000cc30       0x44 D:/Programmi/devkitPro/libnx/lib\libnx.a(bsd.o)
                0x000000000000cc30                bsdExit
 *fill*         0x000000000000cc74        0xc 
 .text.bsdSocket
                0x000000000000cc80        0x8 D:/Programmi/devkitPro/libnx/lib\libnx.a(bsd.o)
                0x000000000000cc80                bsdSocket
 *fill*         0x000000000000cc88        0x8 
 .text.bsdOpen  0x000000000000cc90      0x1d8 D:/Programmi/devkitPro/libnx/lib\libnx.a(bsd.o)
                0x000000000000cc90                bsdOpen
 *fill*         0x000000000000ce68        0x8 
 .text.bsdRecv  0x000000000000ce70      0x1d4 D:/Programmi/devkitPro/libnx/lib\libnx.a(bsd.o)
                0x000000000000ce70                bsdRecv
 *fill*         0x000000000000d044        0xc 
 .text.bsdSend  0x000000000000d050      0x1d8 D:/Programmi/devkitPro/libnx/lib\libnx.a(bsd.o)
                0x000000000000d050                bsdSend
 *fill*         0x000000000000d228        0x8 
 .text.bsdConnect
                0x000000000000d230        0x8 D:/Programmi/devkitPro/libnx/lib\libnx.a(bsd.o)
                0x000000000000d230                bsdConnect
 *fill*         0x000000000000d238        0x8 
 .text.bsdWrite
                0x000000000000d240      0x1d0 D:/Programmi/devkitPro/libnx/lib\libnx.a(bsd.o)
                0x000000000000d240                bsdWrite
 .text.bsdRead  0x000000000000d410      0x1cc D:/Programmi/devkitPro/libnx/lib\libnx.a(bsd.o)
                0x000000000000d410                bsdRead
 *fill*         0x000000000000d5dc        0x4 
 .text.bsdClose
                0x000000000000d5e0      0x13c D:/Programmi/devkitPro/libnx/lib\libnx.a(bsd.o)
                0x000000000000d5e0                bsdClose
 *fill*         0x000000000000d71c        0x4 
 .text.sfdnsresGetHostByNameRequest
                0x000000000000d720      0x228 D:/Programmi/devkitPro/libnx/lib\libnx.a(sfdnsres.o)
                0x000000000000d720                sfdnsresGetHostByNameRequest
 *fill*         0x000000000000d948        0x8 
 .text._usbDsRegisterInterface
                0x000000000000d950      0x1ec D:/Programmi/devkitPro/libnx/lib\libnx.a(usbds.o)
 *fill*         0x000000000000db3c        0x4 
 .text._usbDsAddUsbStringDescriptorRaw
                0x000000000000db40      0x194 D:/Programmi/devkitPro/libnx/lib\libnx.a(usbds.o)
 *fill*         0x000000000000dcd4        0xc 
 .text._usbDsPostBuffer
                0x000000000000dce0      0x110 D:/Programmi/devkitPro/libnx/lib\libnx.a(usbds.o)
 .text._usbDsInterface_GetDsEndpoint.constprop.0
                0x000000000000ddf0      0x134 D:/Programmi/devkitPro/libnx/lib\libnx.a(usbds.o)
 *fill*         0x000000000000df24        0xc 
 .text._usbDsGetDsInterface.constprop.0
                0x000000000000df30      0x1ec D:/Programmi/devkitPro/libnx/lib\libnx.a(usbds.o)
 *fill*         0x000000000000e11c        0x4 
 .text._usbDsCmdSendBufNoOut.constprop.0
                0x000000000000e120       0xf8 D:/Programmi/devkitPro/libnx/lib\libnx.a(usbds.o)
 *fill*         0x000000000000e218        0x8 
 .text._usbDsCmdNoInOutU32.constprop.0
                0x000000000000e220       0xe8 D:/Programmi/devkitPro/libnx/lib\libnx.a(usbds.o)
 *fill*         0x000000000000e308        0x8 
 .text._usbDsGetHandle.constprop.0.isra.0
                0x000000000000e310       0xd0 D:/Programmi/devkitPro/libnx/lib\libnx.a(usbds.o)
 .text._usbDsGetReport.isra.0
                0x000000000000e3e0       0xf8 D:/Programmi/devkitPro/libnx/lib\libnx.a(usbds.o)
 *fill*         0x000000000000e4d8        0x8 
 .text._usbDsCmdNoIO.isra.0
                0x000000000000e4e0       0xc0 D:/Programmi/devkitPro/libnx/lib\libnx.a(usbds.o)
 .text._usbDsAllocateEndpoint.isra.0
                0x000000000000e5a0       0x70 D:/Programmi/devkitPro/libnx/lib\libnx.a(usbds.o)
 .text._usbDsBindDevice.constprop.0
                0x000000000000e610      0x22c D:/Programmi/devkitPro/libnx/lib\libnx.a(usbds.o)
 *fill*         0x000000000000e83c        0x4 
 .text.usbDsGetState
                0x000000000000e840       0x38 D:/Programmi/devkitPro/libnx/lib\libnx.a(usbds.o)
                0x000000000000e840                usbDsGetState
 *fill*         0x000000000000e878        0x8 
 .text.usbDsWaitReady
                0x000000000000e880      0x140 D:/Programmi/devkitPro/libnx/lib\libnx.a(usbds.o)
                0x000000000000e880                usbDsWaitReady
 .text.usbDsParseReportData
                0x000000000000e9c0       0xa4 D:/Programmi/devkitPro/libnx/lib\libnx.a(usbds.o)
                0x000000000000e9c0                usbDsParseReportData
 *fill*         0x000000000000ea64        0xc 
 .text.usbDsClearDeviceData
                0x000000000000ea70       0x50 D:/Programmi/devkitPro/libnx/lib\libnx.a(usbds.o)
                0x000000000000ea70                usbDsClearDeviceData
 .text.usbDsAddUsbStringDescriptor
                0x000000000000eac0       0x74 D:/Programmi/devkitPro/libnx/lib\libnx.a(usbds.o)
                0x000000000000eac0                usbDsAddUsbStringDescriptor
 *fill*         0x000000000000eb34        0xc 
 .text.usbDsAddUsbLanguageStringDescriptor
                0x000000000000eb40       0x7c D:/Programmi/devkitPro/libnx/lib\libnx.a(usbds.o)
                0x000000000000eb40                usbDsAddUsbLanguageStringDescriptor
 *fill*         0x000000000000ebbc        0x4 
 .text.usbDsSetUsbDeviceDescriptor
                0x000000000000ebc0      0x188 D:/Programmi/devkitPro/libnx/lib\libnx.a(usbds.o)
                0x000000000000ebc0                usbDsSetUsbDeviceDescriptor
 *fill*         0x000000000000ed48        0x8 
 .text.usbDsSetBinaryObjectStore
                0x000000000000ed50       0x60 D:/Programmi/devkitPro/libnx/lib\libnx.a(usbds.o)
                0x000000000000ed50                usbDsSetBinaryObjectStore
 .text.usbDsEnable
                0x000000000000edb0       0x50 D:/Programmi/devkitPro/libnx/lib\libnx.a(usbds.o)
                0x000000000000edb0                usbDsEnable
 .text.usbDsDisable
                0x000000000000ee00       0x50 D:/Programmi/devkitPro/libnx/lib\libnx.a(usbds.o)
                0x000000000000ee00                usbDsDisable
 .text.usbDsInterface_EnableInterface
                0x000000000000ee50       0x60 D:/Programmi/devkitPro/libnx/lib\libnx.a(usbds.o)
                0x000000000000ee50                usbDsInterface_EnableInterface
 .text.usbDsInterface_DisableInterface
                0x000000000000eeb0       0x60 D:/Programmi/devkitPro/libnx/lib\libnx.a(usbds.o)
                0x000000000000eeb0                usbDsInterface_DisableInterface
 .text.usbDsInterface_AppendConfigurationData
                0x000000000000ef10      0x254 D:/Programmi/devkitPro/libnx/lib\libnx.a(usbds.o)
                0x000000000000ef10                usbDsInterface_AppendConfigurationData
 *fill*         0x000000000000f164        0xc 
 .text.usbDsEndpoint_PostBufferAsync
                0x000000000000f170       0x1c D:/Programmi/devkitPro/libnx/lib\libnx.a(usbds.o)
                0x000000000000f170                usbDsEndpoint_PostBufferAsync
 *fill*         0x000000000000f18c        0x4 
 .text.usbDsEndpoint_Cancel
                0x000000000000f190       0x24 D:/Programmi/devkitPro/libnx/lib\libnx.a(usbds.o)
                0x000000000000f190                usbDsEndpoint_Cancel
 *fill*         0x000000000000f1b4        0xc 
 .text._usbDsFreeEndpoint.part.0
                0x000000000000f1c0       0xa4 D:/Programmi/devkitPro/libnx/lib\libnx.a(usbds.o)
 *fill*         0x000000000000f264        0xc 
 .text._usbDsFreeInterface.part.0
                0x000000000000f270      0x100 D:/Programmi/devkitPro/libnx/lib\libnx.a(usbds.o)
 .text._usbDsCleanup
                0x000000000000f370      0x190 D:/Programmi/devkitPro/libnx/lib\libnx.a(usbds.o)
 .text.usbDsInitialize
                0x000000000000f500      0x420 D:/Programmi/devkitPro/libnx/lib\libnx.a(usbds.o)
                0x000000000000f500                usbDsInitialize
 .text.usbDsExit
                0x000000000000f920       0x44 D:/Programmi/devkitPro/libnx/lib\libnx.a(usbds.o)
                0x000000000000f920                usbDsExit
 *fill*         0x000000000000f964        0xc 
 .text.usbDsGetDsInterface
                0x000000000000f970      0x284 D:/Programmi/devkitPro/libnx/lib\libnx.a(usbds.o)
                0x000000000000f970                usbDsGetDsInterface
 *fill*         0x000000000000fbf4        0xc 
 .text.usbDsRegisterInterface
                0x000000000000fc00      0x270 D:/Programmi/devkitPro/libnx/lib\libnx.a(usbds.o)
                0x000000000000fc00                usbDsRegisterInterface
 .text.usbDsInterface_GetDsEndpoint
                0x000000000000fe70       0xfc D:/Programmi/devkitPro/libnx/lib\libnx.a(usbds.o)
                0x000000000000fe70                usbDsInterface_GetDsEndpoint
 *fill*         0x000000000000ff6c        0x4 
 .text.usbDsInterface_RegisterEndpoint
                0x000000000000ff70      0x1e0 D:/Programmi/devkitPro/libnx/lib\libnx.a(usbds.o)
                0x000000000000ff70                usbDsInterface_RegisterEndpoint
 .text.usbDsEndpoint_GetReportData
                0x0000000000010150       0x28 D:/Programmi/devkitPro/libnx/lib\libnx.a(usbds.o)
                0x0000000000010150                usbDsEndpoint_GetReportData
 *fill*         0x0000000000010178        0x8 
 .text.__libnx_alloc
                0x0000000000010180        0x4 D:/Programmi/devkitPro/libnx/lib\libnx.a(alloc.o)
                0x0000000000010180                __libnx_alloc
 *fill*         0x0000000000010184        0xc 
 .text.__libnx_aligned_alloc
                0x0000000000010190       0x14 D:/Programmi/devkitPro/libnx/lib\libnx.a(alloc.o)
                0x0000000000010190                __libnx_aligned_alloc
 *fill*         0x00000000000101a4        0xc 
 .text.__libnx_free
                0x00000000000101b0        0x4 D:/Programmi/devkitPro/libnx/lib\libnx.a(alloc.o)
                0x00000000000101b0                __libnx_free
 *fill*         0x00000000000101b4        0xc 
 .text.argvSetup
                0x00000000000101c0      0x320 D:/Programmi/devkitPro/libnx/lib\libnx.a(argv.o)
                0x00000000000101c0                argvSetup
 .text.__nx_dynamic
                0x00000000000104e0       0xa0 D:/Programmi/devkitPro/libnx/lib\libnx.a(dynamic.o)
                0x00000000000104e0                __nx_dynamic
 .text.__libnx_init
                0x0000000000010580       0x2c D:/Programmi/devkitPro/libnx/lib\libnx.a(init.o)
                0x0000000000010580                __libnx_init
 *fill*         0x00000000000105ac        0x4 
 .text.__libnx_exit
                0x00000000000105b0       0x20 D:/Programmi/devkitPro/libnx/lib\libnx.a(init.o)
                0x00000000000105b0                __libnx_exit
 .text.__syscall_exit
                0x00000000000105d0       0x1c D:/Programmi/devkitPro/libnx/lib\libnx.a(newlib.o)
                0x00000000000105d0                __syscall_exit
 *fill*         0x00000000000105ec        0x4 
 .text.__syscall_getreent
                0x00000000000105f0       0x34 D:/Programmi/devkitPro/libnx/lib\libnx.a(newlib.o)
                0x00000000000105f0                __syscall_getreent
 *fill*         0x0000000000010624        0xc 
 .text.__syscall_lock_acquire
                0x0000000000010630        0x4 D:/Programmi/devkitPro/libnx/lib\libnx.a(newlib.o)
                0x0000000000010630                __syscall_lock_acquire
 *fill*         0x0000000000010634        0xc 
 .text.__syscall_lock_release
                0x0000000000010640        0x4 D:/Programmi/devkitPro/libnx/lib\libnx.a(newlib.o)
                0x0000000000010640                __syscall_lock_release
 *fill*         0x0000000000010644        0xc 
 .text.__syscall_lock_acquire_recursive
                0x0000000000010650        0x4 D:/Programmi/devkitPro/libnx/lib\libnx.a(newlib.o)
                0x0000000000010650                __syscall_lock_acquire_recursive
 *fill*         0x0000000000010654        0xc 
 .text.__syscall_lock_release_recursive
                0x0000000000010660        0x4 D:/Programmi/devkitPro/libnx/lib\libnx.a(newlib.o)
                0x0000000000010660                __syscall_lock_release_recursive
 *fill*         0x0000000000010664        0xc 
 .text.__syscall_gettod_r
                0x0000000000010670       0x8c D:/Programmi/devkitPro/libnx/lib\libnx.a(newlib.o)
                0x0000000000010670                __syscall_gettod_r
 *fill*         0x00000000000106fc        0x4 
 .text.newlibSetup
                0x0000000000010700       0x84 D:/Programmi/devkitPro/libnx/lib\libnx.a(newlib.o)
                0x0000000000010700                newlibSetup
 *fill*         0x0000000000010784        0xc 
 .text.nxlinkSetup
                0x0000000000010790       0xc4 D:/Programmi/devkitPro/libnx/lib\libnx.a(nxlink.o)
                0x0000000000010790                nxlinkSetup
 *fill*         0x0000000000010854        0xc 
 .text._convert_errno
                0x0000000000010860       0x2c D:/Programmi/devkitPro/libnx/lib\libnx.a(convert_errno.o)
                0x0000000000010860                _convert_errno
 *fill*         0x000000000001088c        0x4 
 .text.utf8_to_utf16
                0x0000000000010890      0x10c D:/Programmi/devkitPro/libnx/lib\libnx.a(utf8_to_utf16.o)
                0x0000000000010890                utf8_to_utf16
 .text.armDCacheFlush
                0x000000000001099c       0x3c D:/Programmi/devkitPro/libnx/lib\libnx.a(cache.o)
                0x000000000001099c                armDCacheFlush
 .text.__libnx_exception_entry
                0x00000000000109d8      0x1c0 D:/Programmi/devkitPro/libnx/lib\libnx.a(exception.o)
                0x00000000000109d8                __libnx_exception_entry
 .text.__libnx_exception_returnentry
                0x0000000000010b98       0x18 D:/Programmi/devkitPro/libnx/lib\libnx.a(exception.o)
                0x0000000000010b98                __libnx_exception_returnentry
 .text.condvarWaitTimeout
                0x0000000000010bb0       0x64 D:/Programmi/devkitPro/libnx/lib\libnx.a(condvar.o)
                0x0000000000010bb0                condvarWaitTimeout
 *fill*         0x0000000000010c14        0xc 
 .text.randomGet
                0x0000000000010c20      0x3d4 D:/Programmi/devkitPro/libnx/lib\libnx.a(random.o)
                0x0000000000010c20                randomGet
 *fill*         0x0000000000010ff4        0xc 
 .text.randomGet64
                0x0000000000011000       0x20 D:/Programmi/devkitPro/libnx/lib\libnx.a(random.o)
                0x0000000000011000                randomGet64
 .text.__libnx_init_thread
                0x0000000000011020       0xac D:/Programmi/devkitPro/libnx/lib\libnx.a(thread.o)
                0x0000000000011020                __libnx_init_thread
 *fill*         0x00000000000110cc        0x4 
 .text.encode_utf16
                0x00000000000110d0       0x5c D:/Programmi/devkitPro/libnx/lib\libnx.a(encode_utf16.o)
                0x00000000000110d0                encode_utf16
 *fill*         0x000000000001112c        0x4 
 .text.__multf3
                0x0000000000011130      0x800 d:/programmi/devkitpro/devkita64/bin/../lib/gcc/aarch64-none-elf/11.1.0/pic\libgcc.a(multf3.o)
                0x0000000000011130                __multf3
 .text.__fixtfdi
                0x0000000000011930      0x138 d:/programmi/devkitpro/devkita64/bin/../lib/gcc/aarch64-none-elf/11.1.0/pic\libgcc.a(fixtfdi.o)
                0x0000000000011930                __fixtfdi
 *fill*         0x0000000000011a68        0x8 
 .text.__floatunditf
                0x0000000000011a70       0x9c d:/programmi/devkitpro/devkita64/bin/../lib/gcc/aarch64-none-elf/11.1.0/pic\libgcc.a(floatunditf.o)
                0x0000000000011a70                __floatunditf
 *fill*         0x0000000000011b0c        0x4 
 .text.__sfp_handle_exceptions
                0x0000000000011b10       0x70 d:/programmi/devkitpro/devkita64/bin/../lib/gcc/aarch64-none-elf/11.1.0/pic\libgcc.a(sfp-exceptions.o)
                0x0000000000011b10                __sfp_handle_exceptions
 .text.aligned_alloc
                0x0000000000011b80       0x2c d:/programmi/devkitpro/devkita64/bin/../lib/gcc/aarch64-none-elf/11.1.0/../../../../aarch64-none-elf/lib/pic\libg.a(lib_a-aligned_alloc.o)
                0x0000000000011b80                aligned_alloc
 *fill*         0x0000000000011bac        0x4 
 .text.bsearch  0x0000000000011bb0       0xb8 d:/programmi/devkitpro/devkita64/bin/../lib/gcc/aarch64-none-elf/11.1.0/../../../../aarch64-none-elf/lib/pic\libg.a(lib_a-bsearch.o)
                0x0000000000011bb0                bsearch
 *fill*         0x0000000000011c68        0x8 
 .text.__errno  0x0000000000011c70       0x14 d:/programmi/devkitpro/devkita64/bin/../lib/gcc/aarch64-none-elf/11.1.0/../../../../aarch64-none-elf/lib/pic\libg.a(lib_a-errno.o)
                0x0000000000011c70                __errno
 *fill*         0x0000000000011c84        0xc 
 .text.__sflush_r
                0x0000000000011c90      0x228 d:/programmi/devkitpro/devkita64/bin/../lib/gcc/aarch64-none-elf/11.1.0/../../../../aarch64-none-elf/lib/pic\libg.a(lib_a-fflush.o)
                0x0000000000011c90                __sflush_r
 *fill*         0x0000000000011eb8        0x8 
 .text._fflush_r
                0x0000000000011ec0       0xb8 d:/programmi/devkitpro/devkita64/bin/../lib/gcc/aarch64-none-elf/11.1.0/../../../../aarch64-none-elf/lib/pic\libg.a(lib_a-fflush.o)
                0x0000000000011ec0                _fflush_r
 *fill*         0x0000000000011f78        0x8 
 .text.fflush   0x0000000000011f80       0x40 d:/programmi/devkitpro/devkita64/bin/../lib/gcc/aarch64-none-elf/11.1.0/../../../../aarch64-none-elf/lib/pic\libg.a(lib_a-fflush.o)
                0x0000000000011f80                fflush
 .text._cleanup_r
                0x0000000000011fc0        0xc d:/programmi/devkitpro/devkita64/bin/../lib/gcc/aarch64-none-elf/11.1.0/../../../../aarch64-none-elf/lib/pic\libg.a(lib_a-findfp.o)
                0x0000000000011fc0                _cleanup_r
 *fill*         0x0000000000011fcc        0x4 
 .text.__sfp_lock_acquire
                0x0000000000011fd0        0xc d:/programmi/devkitpro/devkita64/bin/../lib/gcc/aarch64-none-elf/11.1.0/../../../../aarch64-none-elf/lib/pic\libg.a(lib_a-findfp.o)
                0x0000000000011fd0                __sfp_lock_acquire
 *fill*         0x0000000000011fdc        0x4 
 .text.__sfp_lock_release
                0x0000000000011fe0        0xc d:/programmi/devkitpro/devkita64/bin/../lib/gcc/aarch64-none-elf/11.1.0/../../../../aarch64-none-elf/lib/pic\libg.a(lib_a-findfp.o)
                0x0000000000011fe0                __sfp_lock_release
 *fill*         0x0000000000011fec        0x4 
 .text.__sinit_lock_acquire
                0x0000000000011ff0        0xc d:/programmi/devkitpro/devkita64/bin/../lib/gcc/aarch64-none-elf/11.1.0/../../../../aarch64-none-elf/lib/pic\libg.a(lib_a-findfp.o)
                0x0000000000011ff0                __sinit_lock_acquire
 *fill*         0x0000000000011ffc        0x4 
 .text.__sinit_lock_release
                0x0000000000012000        0xc d:/programmi/devkitpro/devkita64/bin/../lib/gcc/aarch64-none-elf/11.1.0/../../../../aarch64-none-elf/lib/pic\libg.a(lib_a-findfp.o)
                0x0000000000012000                __sinit_lock_release
 *fill*         0x000000000001200c        0x4 
 .text.__sinit  0x0000000000012010      0x154 d:/programmi/devkitpro/devkita64/bin/../lib/gcc/aarch64-none-elf/11.1.0/../../../../aarch64-none-elf/lib/pic\libg.a(lib_a-findfp.o)
                0x0000000000012010                __sinit
 *fill*         0x0000000000012164        0xc 
 .text.__libc_fini_array
                0x0000000000012170       0x44 d:/programmi/devkitpro/devkita64/bin/../lib/gcc/aarch64-none-elf/11.1.0/../../../../aarch64-none-elf/lib/pic\libg.a(lib_a-fini.o)
                0x0000000000012170                __libc_fini_array
 *fill*         0x00000000000121b4        0xc 
 .text._malloc_trim_r
                0x00000000000121c0      0x118 d:/programmi/devkitpro/devkita64/bin/../lib/gcc/aarch64-none-elf/11.1.0/../../../../aarch64-none-elf/lib/pic\libg.a(lib_a-freer.o)
                0x00000000000121c0                _malloc_trim_r
 *fill*         0x00000000000122d8        0x8 
 .text._free_r  0x00000000000122e0      0x2f0 d:/programmi/devkitpro/devkita64/bin/../lib/gcc/aarch64-none-elf/11.1.0/../../../../aarch64-none-elf/lib/pic\libg.a(lib_a-freer.o)
                0x00000000000122e0                _free_r
 .text._fwalk_reent
                0x00000000000125d0       0xa4 d:/programmi/devkitpro/devkita64/bin/../lib/gcc/aarch64-none-elf/11.1.0/../../../../aarch64-none-elf/lib/pic\libg.a(lib_a-fwalk.o)
                0x00000000000125d0                _fwalk_reent
 *fill*         0x0000000000012674        0xc 
 .text.gmtime   0x0000000000012680       0x2c d:/programmi/devkitpro/devkita64/bin/../lib/gcc/aarch64-none-elf/11.1.0/../../../../aarch64-none-elf/lib/pic\libg.a(lib_a-gmtime.o)
                0x0000000000012680                gmtime
 *fill*         0x00000000000126ac        0x4 
 .text.gmtime_r
                0x00000000000126b0      0x29c d:/programmi/devkitpro/devkita64/bin/../lib/gcc/aarch64-none-elf/11.1.0/../../../../aarch64-none-elf/lib/pic\libg.a(lib_a-gmtime_r.o)
                0x00000000000126b0                gmtime_r
 *fill*         0x000000000001294c        0x4 
 .text.__libc_init_array
                0x0000000000012950       0x8c d:/programmi/devkitpro/devkita64/bin/../lib/gcc/aarch64-none-elf/11.1.0/../../../../aarch64-none-elf/lib/pic\libg.a(lib_a-init.o)
                0x0000000000012950                __libc_init_array
 *fill*         0x00000000000129dc        0x4 
 .text.localtime
                0x00000000000129e0       0x2c d:/programmi/devkitpro/devkita64/bin/../lib/gcc/aarch64-none-elf/11.1.0/../../../../aarch64-none-elf/lib/pic\libg.a(lib_a-lcltime.o)
                0x00000000000129e0                localtime
 *fill*         0x0000000000012a0c        0x4 
 .text.localtime_r
                0x0000000000012a10      0x37c d:/programmi/devkitpro/devkita64/bin/../lib/gcc/aarch64-none-elf/11.1.0/../../../../aarch64-none-elf/lib/pic\libg.a(lib_a-lcltime_r.o)
                0x0000000000012a10                localtime_r
 *fill*         0x0000000000012d8c        0x4 
 .text._memalign_r
                0x0000000000012d90      0x17c d:/programmi/devkitpro/devkita64/bin/../lib/gcc/aarch64-none-elf/11.1.0/../../../../aarch64-none-elf/lib/pic\libg.a(lib_a-malignr.o)
                0x0000000000012d90                _memalign_r
 *fill*         0x0000000000012f0c        0x4 
 .text.malloc   0x0000000000012f10       0x24 d:/programmi/devkitpro/devkita64/bin/../lib/gcc/aarch64-none-elf/11.1.0/../../../../aarch64-none-elf/lib/pic\libg.a(lib_a-malloc.o)
                0x0000000000012f10                malloc
 *fill*         0x0000000000012f34        0xc 
 .text.free     0x0000000000012f40       0x24 d:/programmi/devkitpro/devkita64/bin/../lib/gcc/aarch64-none-elf/11.1.0/../../../../aarch64-none-elf/lib/pic\libg.a(lib_a-malloc.o)
                0x0000000000012f40                free
 *fill*         0x0000000000012f64        0xc 
 .text._malloc_r
                0x0000000000012f70      0x86c d:/programmi/devkitpro/devkita64/bin/../lib/gcc/aarch64-none-elf/11.1.0/../../../../aarch64-none-elf/lib/pic\libg.a(lib_a-mallocr.o)
                0x0000000000012f70                _malloc_r
 *fill*         0x00000000000137dc       0x24 
 .text          0x0000000000013800      0x16c d:/programmi/devkitpro/devkita64/bin/../lib/gcc/aarch64-none-elf/11.1.0/../../../../aarch64-none-elf/lib/pic\libg.a(lib_a-memcpy.o)
                0x0000000000013800                memcpy
 *fill*         0x000000000001396c       0x14 
 .text          0x0000000000013980      0x1dc d:/programmi/devkitpro/devkita64/bin/../lib/gcc/aarch64-none-elf/11.1.0/../../../../aarch64-none-elf/lib/pic\libg.a(lib_a-memset.o)
                0x0000000000013980                memset
 *fill*         0x0000000000013b5c        0x4 
 .text.validate_structure
                0x0000000000013b60      0x310 d:/programmi/devkitpro/devkita64/bin/../lib/gcc/aarch64-none-elf/11.1.0/../../../../aarch64-none-elf/lib/pic\libg.a(lib_a-mktime.o)
 .text.mktime   0x0000000000013e70      0x4dc d:/programmi/devkitpro/devkita64/bin/../lib/gcc/aarch64-none-elf/11.1.0/../../../../aarch64-none-elf/lib/pic\libg.a(lib_a-mktime.o)
                0x0000000000013e70                mktime
 *fill*         0x000000000001434c        0x4 
 .text.__malloc_lock
                0x0000000000014350        0xc d:/programmi/devkitpro/devkita64/bin/../lib/gcc/aarch64-none-elf/11.1.0/../../../../aarch64-none-elf/lib/pic\libg.a(lib_a-mlock.o)
                0x0000000000014350                __malloc_lock
 *fill*         0x000000000001435c        0x4 
 .text.__malloc_unlock
                0x0000000000014360        0xc d:/programmi/devkitpro/devkita64/bin/../lib/gcc/aarch64-none-elf/11.1.0/../../../../aarch64-none-elf/lib/pic\libg.a(lib_a-mlock.o)
                0x0000000000014360                __malloc_unlock
 *fill*         0x000000000001436c        0x4 
 .text.printf   0x0000000000014370       0x84 d:/programmi/devkitpro/devkita64/bin/../lib/gcc/aarch64-none-elf/11.1.0/../../../../aarch64-none-elf/lib/pic\libg.a(lib_a-printf.o)
                0x0000000000014370                printf
 *fill*         0x00000000000143f4        0xc 
 .text.__sread  0x0000000000014400       0x50 d:/programmi/devkitpro/devkita64/bin/../lib/gcc/aarch64-none-elf/11.1.0/../../../../aarch64-none-elf/lib/pic\libg.a(lib_a-stdio.o)
                0x0000000000014400                __sread
 .text.__seofread
                0x0000000000014450        0x8 d:/programmi/devkitpro/devkita64/bin/../lib/gcc/aarch64-none-elf/11.1.0/../../../../aarch64-none-elf/lib/pic\libg.a(lib_a-stdio.o)
                0x0000000000014450                __seofread
 *fill*         0x0000000000014458        0x8 
 .text.__swrite
                0x0000000000014460       0x6c d:/programmi/devkitpro/devkita64/bin/../lib/gcc/aarch64-none-elf/11.1.0/../../../../aarch64-none-elf/lib/pic\libg.a(lib_a-stdio.o)
                0x0000000000014460                __swrite
 *fill*         0x00000000000144cc        0x4 
 .text.__sseek  0x00000000000144d0       0x50 d:/programmi/devkitpro/devkita64/bin/../lib/gcc/aarch64-none-elf/11.1.0/../../../../aarch64-none-elf/lib/pic\libg.a(lib_a-stdio.o)
                0x00000000000144d0                __sseek
 .text.__sclose
                0x0000000000014520        0x8 d:/programmi/devkitpro/devkita64/bin/../lib/gcc/aarch64-none-elf/11.1.0/../../../../aarch64-none-elf/lib/pic\libg.a(lib_a-stdio.o)
                0x0000000000014520                __sclose
 .text          0x0000000000014528       0xdc d:/programmi/devkitpro/devkita64/bin/../lib/gcc/aarch64-none-elf/11.1.0/../../../../aarch64-none-elf/lib/pic\libg.a(lib_a-strchr.o)
                0x0000000000014528                strchr
 *fill*         0x0000000000014604       0x3c 
 .text          0x0000000000014640       0xe4 d:/programmi/devkitpro/devkita64/bin/../lib/gcc/aarch64-none-elf/11.1.0/../../../../aarch64-none-elf/lib/pic\libg.a(lib_a-strcmp.o)
                0x0000000000014640                strcmp
 *fill*         0x0000000000014724       0x1c 
 .text          0x0000000000014740      0x1b8 d:/programmi/devkitpro/devkita64/bin/../lib/gcc/aarch64-none-elf/11.1.0/../../../../aarch64-none-elf/lib/pic\libg.a(lib_a-strcpy.o)
                0x0000000000014740                strcpy
 *fill*         0x00000000000148f8        0x8 
 .text          0x0000000000014900      0x140 d:/programmi/devkitpro/devkita64/bin/../lib/gcc/aarch64-none-elf/11.1.0/../../../../aarch64-none-elf/lib/pic\libg.a(lib_a-strlen.o)
                0x0000000000014900                strlen
 .text.strncat  0x0000000000014a40       0x7c d:/programmi/devkitpro/devkita64/bin/../lib/gcc/aarch64-none-elf/11.1.0/../../../../aarch64-none-elf/lib/pic\libg.a(lib_a-strncat.o)
                0x0000000000014a40                strncat
 *fill*         0x0000000000014abc        0x4 
 .text          0x0000000000014ac0      0x1d4 d:/programmi/devkitpro/devkita64/bin/../lib/gcc/aarch64-none-elf/11.1.0/../../../../aarch64-none-elf/lib/pic\libg.a(lib_a-strncmp.o)
                0x0000000000014adc                strncmp
 *fill*         0x0000000000014c94        0xc 
 .text.strncpy  0x0000000000014ca0       0x9c d:/programmi/devkitpro/devkita64/bin/../lib/gcc/aarch64-none-elf/11.1.0/../../../../aarch64-none-elf/lib/pic\libg.a(lib_a-strncpy.o)
                0x0000000000014ca0                strncpy
 *fill*         0x0000000000014d3c        0x4 
 .text          0x0000000000014d40       0xe0 d:/programmi/devkitpro/devkita64/bin/../lib/gcc/aarch64-none-elf/11.1.0/../../../../aarch64-none-elf/lib/pic\libg.a(lib_a-strnlen.o)
                0x0000000000014d64                strnlen
 .text.strtok   0x0000000000014e20       0x38 d:/programmi/devkitpro/devkita64/bin/../lib/gcc/aarch64-none-elf/11.1.0/../../../../aarch64-none-elf/lib/pic\libg.a(lib_a-strtok.o)
                0x0000000000014e20                strtok
 *fill*         0x0000000000014e58        0x8 
 .text.__strtok_r
                0x0000000000014e60       0x9c d:/programmi/devkitpro/devkita64/bin/../lib/gcc/aarch64-none-elf/11.1.0/../../../../aarch64-none-elf/lib/pic\libg.a(lib_a-strtok_r.o)
                0x0000000000014e60                __strtok_r
 *fill*         0x0000000000014efc        0x4 
 .text._strtol_l.part.0
                0x0000000000014f00      0x18c d:/programmi/devkitpro/devkita64/bin/../lib/gcc/aarch64-none-elf/11.1.0/../../../../aarch64-none-elf/lib/pic\libg.a(lib_a-strtol.o)
 *fill*         0x000000000001508c        0x4 
 .text._strtol_r
                0x0000000000015090       0x70 d:/programmi/devkitpro/devkita64/bin/../lib/gcc/aarch64-none-elf/11.1.0/../../../../aarch64-none-elf/lib/pic\libg.a(lib_a-strtol.o)
                0x0000000000015090                _strtol_r
 .text.strtol   0x0000000000015100       0x74 d:/programmi/devkitpro/devkita64/bin/../lib/gcc/aarch64-none-elf/11.1.0/../../../../aarch64-none-elf/lib/pic\libg.a(lib_a-strtol.o)
                0x0000000000015100                strtol
 *fill*         0x0000000000015174        0xc 
 .text._strtoul_l.constprop.0
                0x0000000000015180      0x19c d:/programmi/devkitpro/devkita64/bin/../lib/gcc/aarch64-none-elf/11.1.0/../../../../aarch64-none-elf/lib/pic\libg.a(lib_a-strtoul.o)
 *fill*         0x000000000001531c        0x4 
 .text._strtoul_r
                0x0000000000015320       0x44 d:/programmi/devkitpro/devkita64/bin/../lib/gcc/aarch64-none-elf/11.1.0/../../../../aarch64-none-elf/lib/pic\libg.a(lib_a-strtoul.o)
                0x0000000000015320                _strtoul_r
 *fill*         0x0000000000015364        0xc 
 .text.strtoul  0x0000000000015370       0x48 d:/programmi/devkitpro/devkita64/bin/../lib/gcc/aarch64-none-elf/11.1.0/../../../../aarch64-none-elf/lib/pic\libg.a(lib_a-strtoul.o)
                0x0000000000015370                strtoul
 *fill*         0x00000000000153b8        0x8 
 .text.time     0x00000000000153c0       0x40 d:/programmi/devkitpro/devkita64/bin/../lib/gcc/aarch64-none-elf/11.1.0/../../../../aarch64-none-elf/lib/pic\libg.a(lib_a-time.o)
                0x00000000000153c0                time
 .text.__tzcalc_limits
                0x0000000000015400      0x220 d:/programmi/devkitpro/devkita64/bin/../lib/gcc/aarch64-none-elf/11.1.0/../../../../aarch64-none-elf/lib/pic\libg.a(lib_a-tzcalc_limits.o)
                0x0000000000015400                __tzcalc_limits
 .text.__tz_lock
                0x0000000000015620        0xc d:/programmi/devkitpro/devkita64/bin/../lib/gcc/aarch64-none-elf/11.1.0/../../../../aarch64-none-elf/lib/pic\libg.a(lib_a-tzlock.o)
                0x0000000000015620                __tz_lock
 *fill*         0x000000000001562c        0x4 
 .text.__tz_unlock
                0x0000000000015630        0xc d:/programmi/devkitpro/devkita64/bin/../lib/gcc/aarch64-none-elf/11.1.0/../../../../aarch64-none-elf/lib/pic\libg.a(lib_a-tzlock.o)
                0x0000000000015630                __tz_unlock
 *fill*         0x000000000001563c        0x4 
 .text._tzset_unlocked
                0x0000000000015640       0x14 d:/programmi/devkitpro/devkita64/bin/../lib/gcc/aarch64-none-elf/11.1.0/../../../../aarch64-none-elf/lib/pic\libg.a(lib_a-tzset.o)
                0x0000000000015640                _tzset_unlocked
 *fill*         0x0000000000015654        0xc 
 .text._tzset_unlocked_r
                0x0000000000015660      0x4f4 d:/programmi/devkitpro/devkita64/bin/../lib/gcc/aarch64-none-elf/11.1.0/../../../../aarch64-none-elf/lib/pic\libg.a(lib_a-tzset_r.o)
                0x0000000000015660                _tzset_unlocked_r
 .text.get_arg  0x0000000000015b54      0x7e0 d:/programmi/devkitpro/devkita64/bin/../lib/gcc/aarch64-none-elf/11.1.0/../../../../aarch64-none-elf/lib/pic\libg.a(lib_a-vfprintf.o)
 .text._vfprintf_r
                0x0000000000016334     0x3c78 d:/programmi/devkitpro/devkita64/bin/../lib/gcc/aarch64-none-elf/11.1.0/../../../../aarch64-none-elf/lib/pic\libg.a(lib_a-vfprintf.o)
                0x0000000000016334                _vfprintf_r
 .text.__sbprintf
                0x0000000000019fac       0xf0 d:/programmi/devkitpro/devkita64/bin/../lib/gcc/aarch64-none-elf/11.1.0/../../../../aarch64-none-elf/lib/pic\libg.a(lib_a-vfprintf.o)
 *fill*         0x000000000001a09c        0x4 
 .text._wcrtomb_r
                0x000000000001a0a0       0xd8 d:/programmi/devkitpro/devkita64/bin/../lib/gcc/aarch64-none-elf/11.1.0/../../../../aarch64-none-elf/lib/pic\libg.a(lib_a-wcrtomb.o)
                0x000000000001a0a0                _wcrtomb_r
 *fill*         0x000000000001a178        0x8 
 .text._wcsrtombs_r
                0x000000000001a180       0x10 d:/programmi/devkitpro/devkita64/bin/../lib/gcc/aarch64-none-elf/11.1.0/../../../../aarch64-none-elf/lib/pic\libg.a(lib_a-wcsrtombs.o)
                0x000000000001a180                _wcsrtombs_r
 .text.__swsetup_r
                0x000000000001a190      0x140 d:/programmi/devkitpro/devkita64/bin/../lib/gcc/aarch64-none-elf/11.1.0/../../../../aarch64-none-elf/lib/pic\libg.a(lib_a-wsetup.o)
                0x000000000001a190                __swsetup_r
 .text.__call_exitprocs
                0x000000000001a2d0      0x12c d:/programmi/devkitpro/devkita64/bin/../lib/gcc/aarch64-none-elf/11.1.0/../../../../aarch64-none-elf/lib/pic\libg.a(lib_a-__call_atexit.o)
                0x000000000001a2d0                __call_exitprocs
 *fill*         0x000000000001a3fc        0x4 
 .text.div      0x000000000001a400       0x40 d:/programmi/devkitpro/devkita64/bin/../lib/gcc/aarch64-none-elf/11.1.0/../../../../aarch64-none-elf/lib/pic\libg.a(lib_a-div.o)
                0x000000000001a400                div
 .text.quorem   0x000000000001a440      0x19c d:/programmi/devkitpro/devkita64/bin/../lib/gcc/aarch64-none-elf/11.1.0/../../../../aarch64-none-elf/lib/pic\libg.a(lib_a-dtoa.o)
 *fill*         0x000000000001a5dc        0x4 
 .text._dtoa_r  0x000000000001a5e0     0x1190 d:/programmi/devkitpro/devkita64/bin/../lib/gcc/aarch64-none-elf/11.1.0/../../../../aarch64-none-elf/lib/pic\libg.a(lib_a-dtoa.o)
                0x000000000001a5e0                _dtoa_r
 .text.__env_lock
                0x000000000001b770        0xc d:/programmi/devkitpro/devkita64/bin/../lib/gcc/aarch64-none-elf/11.1.0/../../../../aarch64-none-elf/lib/pic\libg.a(lib_a-envlock.o)
                0x000000000001b770                __env_lock
 *fill*         0x000000000001b77c        0x4 
 .text.__env_unlock
                0x000000000001b780        0xc d:/programmi/devkitpro/devkita64/bin/../lib/gcc/aarch64-none-elf/11.1.0/../../../../aarch64-none-elf/lib/pic\libg.a(lib_a-envlock.o)
                0x000000000001b780                __env_unlock
 *fill*         0x000000000001b78c        0x4 
 .text._fclose_r
                0x000000000001b790      0x15c d:/programmi/devkitpro/devkita64/bin/../lib/gcc/aarch64-none-elf/11.1.0/../../../../aarch64-none-elf/lib/pic\libg.a(lib_a-fclose.o)
                0x000000000001b790                _fclose_r
 *fill*         0x000000000001b8ec        0x4 
 .text._findenv_r
                0x000000000001b8f0      0x100 d:/programmi/devkitpro/devkita64/bin/../lib/gcc/aarch64-none-elf/11.1.0/../../../../aarch64-none-elf/lib/pic\libg.a(lib_a-getenv_r.o)
                0x000000000001b8f0                _findenv_r
 .text._getenv_r
                0x000000000001b9f0       0x18 d:/programmi/devkitpro/devkita64/bin/../lib/gcc/aarch64-none-elf/11.1.0/../../../../aarch64-none-elf/lib/pic\libg.a(lib_a-getenv_r.o)
                0x000000000001b9f0                _getenv_r
 *fill*         0x000000000001ba08        0x8 
 .text.__gettzinfo
                0x000000000001ba10        0xc d:/programmi/devkitpro/devkita64/bin/../lib/gcc/aarch64-none-elf/11.1.0/../../../../aarch64-none-elf/lib/pic\libg.a(lib_a-gettzinfo.o)
                0x000000000001ba10                __gettzinfo
 *fill*         0x000000000001ba1c        0x4 
 .text.__localeconv_l
                0x000000000001ba20        0x8 d:/programmi/devkitpro/devkita64/bin/../lib/gcc/aarch64-none-elf/11.1.0/../../../../aarch64-none-elf/lib/pic\libg.a(lib_a-localeconv.o)
                0x000000000001ba20                __localeconv_l
 *fill*         0x000000000001ba28        0x8 
 .text._localeconv_r
                0x000000000001ba30       0x28 d:/programmi/devkitpro/devkita64/bin/../lib/gcc/aarch64-none-elf/11.1.0/../../../../aarch64-none-elf/lib/pic\libg.a(lib_a-localeconv.o)
                0x000000000001ba30                _localeconv_r
 *fill*         0x000000000001ba58        0x8 
 .text.__locale_mb_cur_max
                0x000000000001ba60       0x2c d:/programmi/devkitpro/devkita64/bin/../lib/gcc/aarch64-none-elf/11.1.0/../../../../aarch64-none-elf/lib/pic\libg.a(lib_a-locale.o)
                0x000000000001ba60                __locale_mb_cur_max
 *fill*         0x000000000001ba8c        0x4 
 .text.__swhatbuf_r
                0x000000000001ba90       0x94 d:/programmi/devkitpro/devkita64/bin/../lib/gcc/aarch64-none-elf/11.1.0/../../../../aarch64-none-elf/lib/pic\libg.a(lib_a-makebuf.o)
                0x000000000001ba90                __swhatbuf_r
 *fill*         0x000000000001bb24        0xc 
 .text.__smakebuf_r
                0x000000000001bb30      0x10c d:/programmi/devkitpro/devkita64/bin/../lib/gcc/aarch64-none-elf/11.1.0/../../../../aarch64-none-elf/lib/pic\libg.a(lib_a-makebuf.o)
                0x000000000001bb30                __smakebuf_r
 *fill*         0x000000000001bc3c        0x4 
 .text.__utf8_mbtowc
                0x000000000001bc40      0x2c8 d:/programmi/devkitpro/devkita64/bin/../lib/gcc/aarch64-none-elf/11.1.0/../../../../aarch64-none-elf/lib/pic\libg.a(lib_a-mbtowc_r.o)
                0x000000000001bc40                __utf8_mbtowc
 .text          0x000000000001bf08       0xd8 d:/programmi/devkitpro/devkita64/bin/../lib/gcc/aarch64-none-elf/11.1.0/../../../../aarch64-none-elf/lib/pic\libg.a(lib_a-memchr.o)
                0x000000000001bf08                memchr
 .text._Balloc  0x000000000001bfe0       0x8c d:/programmi/devkitpro/devkita64/bin/../lib/gcc/aarch64-none-elf/11.1.0/../../../../aarch64-none-elf/lib/pic\libg.a(lib_a-mprec.o)
                0x000000000001bfe0                _Balloc
 *fill*         0x000000000001c06c        0x4 
 .text._Bfree   0x000000000001c070       0x1c d:/programmi/devkitpro/devkita64/bin/../lib/gcc/aarch64-none-elf/11.1.0/../../../../aarch64-none-elf/lib/pic\libg.a(lib_a-mprec.o)
                0x000000000001c070                _Bfree
 *fill*         0x000000000001c08c        0x4 
 .text.__multadd
                0x000000000001c090      0x108 d:/programmi/devkitpro/devkita64/bin/../lib/gcc/aarch64-none-elf/11.1.0/../../../../aarch64-none-elf/lib/pic\libg.a(lib_a-mprec.o)
                0x000000000001c090                __multadd
 *fill*         0x000000000001c198        0x8 
 .text.__hi0bits
                0x000000000001c1a0       0x5c d:/programmi/devkitpro/devkita64/bin/../lib/gcc/aarch64-none-elf/11.1.0/../../../../aarch64-none-elf/lib/pic\libg.a(lib_a-mprec.o)
                0x000000000001c1a0                __hi0bits
 *fill*         0x000000000001c1fc        0x4 
 .text.__lo0bits
                0x000000000001c200       0x9c d:/programmi/devkitpro/devkita64/bin/../lib/gcc/aarch64-none-elf/11.1.0/../../../../aarch64-none-elf/lib/pic\libg.a(lib_a-mprec.o)
                0x000000000001c200                __lo0bits